SQL> select * from employees where last_name like '%s' or first_name'%s';
select * from employees where last_name like '%s' or first_name'%s'
                                                               *
ERROR at line 1:
ORA-00920: invalid relational operator 


SQL> select * from employees where last_name like '%s' or first_name like '%s';

EMPLOYEE_ID FIRST_NAME           LAST_NAME                 EMAIL                     PHONE_NUMBER         HIRE_DATE JOB_ID         SALARY COMMISSION_PCT MANAGER_ID DEPARTMENT_ID             
----------- -------------------- ------------------------- ------------------------- -------------------- --------- ---------- ---------- -------------- ---------- -------------             
        113 Luis                 Popp                      LPOPP                     515.124.4567         07-DEC-07 FI_ACCOUNT       6900                       108           100             
        117 Sigal                Tobias                    STOBIAS                   515.127.4564         24-JUL-05 PU_CLERK         2800                       114            30             
        119 Karen                Colmenares                KCOLMENA                  515.127.4566         10-AUG-07 PU_CLERK         2500                       114            30             
        120 Matthew              Weiss                     MWEISS                    650.123.1234         18-JUL-04 ST_MAN           8000                       100            50             
        124 Kevin                Mourgos                   KMOURGOS                  650.123.5234         16-NOV-07 ST_MAN           5800                       100            50             
        127 James                Landry                    JLANDRY                   650.124.1334         14-JAN-07 ST_CLERK         2400                       120            50             
        131 James                Marlow                    JAMRLOW                   650.124.7234         16-FEB-05 ST_CLERK         2500                       121            50             
        134 Michael              Rogers                    MROGERS                   650.127.1834         26-AUG-06 ST_CLERK         2900                       122            50             
        138 Stephen              Stiles                    SSTILES                   650.121.2034         26-OCT-05 ST_CLERK         3200                       123            50             
        141 Trenna               Rajs                      TRAJS                     650.121.8009         17-OCT-03 ST_CLERK         3500                       124            50             
        142 Curtis               Davies                    CDAVIES                   650.121.2994         29-JAN-05 ST_CLERK         3100                       124            50             

EMPLOYEE_ID FIRST_NAME           LAST_NAME                 EMAIL                     PHONE_NUMBER         HIRE_DATE JOB_ID         SALARY COMMISSION_PCT MANAGER_ID DEPARTMENT_ID             
----------- -------------------- ------------------------- ------------------------- -------------------- --------- ---------- ---------- -------------- ---------- -------------             
        143 Randall              Matos                     RMATOS                    650.121.2874         15-MAR-06 ST_CLERK         2600                       124            50             
        144 Peter                Vargas                    PVARGAS                   650.121.2004         09-JUL-06 ST_CLERK         2500                       124            50             
        146 Karen                Partners                  KPARTNER                  011.44.1344.467268   05-JAN-05 SA_MAN          13500             .3        100            80             
        164 Mattea               Marvins                   MMARVINS                  011.44.1346.329268   24-JAN-08 SA_REP           7200             .1        147            80             
        172 Elizabeth            Bates                     EBATES                    011.44.1343.529268   24-MAR-07 SA_REP           7300            .15        148            80             
        179 Charles              Johnson                   CJOHNSON                  011.44.1644.429262   04-JAN-08 SA_REP           6200             .1        149            80             
        185 Alexis               Bull                      ABULL                     650.509.2876         20-FEB-05 SH_CLERK         4100                       121            50             
        190 Timothy              Gates                     TGATES                    650.505.3876         11-JUL-06 SH_CLERK         2900                       122            50             
        191 Randall              Perkins                   RPERKINS                  650.505.4876         19-DEC-07 SH_CLERK         2500                       122            50             
        195 Vance                Jones                     VJONES                    650.501.4876         17-MAR-07 SH_CLERK         2800                       123            50             
        199 Douglas              Grant                     DGRANT                    650.507.9844         13-JAN-08 SH_CLERK         2600                       124            50             

EMPLOYEE_ID FIRST_NAME           LAST_NAME                 EMAIL                     PHONE_NUMBER         HIRE_DATE JOB_ID         SALARY COMMISSION_PCT MANAGER_ID DEPARTMENT_ID             
----------- -------------------- ------------------------- ------------------------- -------------------- --------- ---------- ---------- -------------- ---------- -------------             
        203 Susan                Mavris                    SMAVRIS                   515.123.7777         07-JUN-02 HR_REP           6500                       101            40             
        205 Shelley              Higgins                   SHIGGINS                  515.123.8080         07-JUN-02 AC_MGR          12008                       101           110             

24 rows selected.

SQL> SELECT * FROM EMPLOYEES WHERE COMMISSION_PCT IS NULL AND SALARY BETWEEN 5000 AND 10000 AND DEPARTMENT_ID=30;

no rows selected

SQL> SET LINESIZE 220
SQL> SELECT * FROM EMPLOYEES;

EMPLOYEE_ID FIRST_NAME           LAST_NAME                 EMAIL                     PHONE_NUMBER         HIRE_DATE JOB_ID         SALARY COMMISSION_PCT MANAGER_ID DEPARTMENT_ID                                           
----------- -------------------- ------------------------- ------------------------- -------------------- --------- ---------- ---------- -------------- ---------- -------------                                           
        100 Steven               King                      SKING                     515.123.4567         17-JUN-03 AD_PRES         24000                                      90                                           
        101 Neena                Kochhar                   NKOCHHAR                  515.123.4568         21-SEP-05 AD_VP           17000                       100            90                                           
        102 Lex                  De Haan                   LDEHAAN                   515.123.4569         13-JAN-01 AD_VP           17000                       100            90                                           
        103 Alexander            Hunold                    AHUNOLD                   590.423.4567         03-JAN-06 IT_PROG          9000                       102            60                                           
        104 Bruce                Ernst                     BERNST                    590.423.4568         21-MAY-07 IT_PROG          6000                       103            60                                           
        105 David                Austin                    DAUSTIN                   590.423.4569         25-JUN-05 IT_PROG          4800                       103            60                                           
        106 Valli                Pataballa                 VPATABAL                  590.423.4560         05-FEB-06 IT_PROG          4800                       103            60                                           
        107 Diana                Lorentz                   DLORENTZ                  590.423.5567         07-FEB-07 IT_PROG          4200                       103            60                                           
        108 Nancy                Greenberg                 NGREENBE                  515.124.4569         17-AUG-02 FI_MGR          12008                       101           100                                           
        109 Daniel               Faviet                    DFAVIET                   515.124.4169         16-AUG-02 FI_ACCOUNT       9000                       108           100                                           
        110 John                 Chen                      JCHEN                     515.124.4269         28-SEP-05 FI_ACCOUNT       8200                       108           100                                           

EMPLOYEE_ID FIRST_NAME           LAST_NAME                 EMAIL                     PHONE_NUMBER         HIRE_DATE JOB_ID         SALARY COMMISSION_PCT MANAGER_ID DEPARTMENT_ID                                           
----------- -------------------- ------------------------- ------------------------- -------------------- --------- ---------- ---------- -------------- ---------- -------------                                           
        111 Ismael               Sciarra                   ISCIARRA                  515.124.4369         30-SEP-05 FI_ACCOUNT       7700                       108           100                                           
        112 Jose Manuel          Urman                     JMURMAN                   515.124.4469         07-MAR-06 FI_ACCOUNT       7800                       108           100                                           
        113 Luis                 Popp                      LPOPP                     515.124.4567         07-DEC-07 FI_ACCOUNT       6900                       108           100                                           
        114 Den                  Raphaely                  DRAPHEAL                  515.127.4561         07-DEC-02 PU_MAN          11000                       100            30                                           
        115 Alexander            Khoo                      AKHOO                     515.127.4562         18-MAY-03 PU_CLERK         3100                       114            30                                           
        116 Shelli               Baida                     SBAIDA                    515.127.4563         24-DEC-05 PU_CLERK         2900                       114            30                                           
        117 Sigal                Tobias                    STOBIAS                   515.127.4564         24-JUL-05 PU_CLERK         2800                       114            30                                           
        118 Guy                  Himuro                    GHIMURO                   515.127.4565         15-NOV-06 PU_CLERK         2600                       114            30                                           
        119 Karen                Colmenares                KCOLMENA                  515.127.4566         10-AUG-07 PU_CLERK         2500                       114            30                                           
        120 Matthew              Weiss                     MWEISS                    650.123.1234         18-JUL-04 ST_MAN           8000                       100            50                                           
        121 Adam                 Fripp                     AFRIPP                    650.123.2234         10-APR-05 ST_MAN           8200                       100            50                                           

EMPLOYEE_ID FIRST_NAME           LAST_NAME                 EMAIL                     PHONE_NUMBER         HIRE_DATE JOB_ID         SALARY COMMISSION_PCT MANAGER_ID DEPARTMENT_ID                                           
----------- -------------------- ------------------------- ------------------------- -------------------- --------- ---------- ---------- -------------- ---------- -------------                                           
        122 Payam                Kaufling                  PKAUFLIN                  650.123.3234         01-MAY-03 ST_MAN           7900                       100            50                                           
        123 Shanta               Vollman                   SVOLLMAN                  650.123.4234         10-OCT-05 ST_MAN           6500                       100            50                                           
        124 Kevin                Mourgos                   KMOURGOS                  650.123.5234         16-NOV-07 ST_MAN           5800                       100            50                                           
        125 Julia                Nayer                     JNAYER                    650.124.1214         16-JUL-05 ST_CLERK         3200                       120            50                                           
        126 Irene                Mikkilineni               IMIKKILI                  650.124.1224         28-SEP-06 ST_CLERK         2700                       120            50                                           
        127 James                Landry                    JLANDRY                   650.124.1334         14-JAN-07 ST_CLERK         2400                       120            50                                           
        128 Steven               Markle                    SMARKLE                   650.124.1434         08-MAR-08 ST_CLERK         2200                       120            50                                           
        129 Laura                Bissot                    LBISSOT                   650.124.5234         20-AUG-05 ST_CLERK         3300                       121            50                                           
        130 Mozhe                Atkinson                  MATKINSO                  650.124.6234         30-OCT-05 ST_CLERK         2800                       121            50                                           
        131 James                Marlow                    JAMRLOW                   650.124.7234         16-FEB-05 ST_CLERK         2500                       121            50                                           
        132 TJ                   Olson                     TJOLSON                   650.124.8234         10-APR-07 ST_CLERK         2100                       121            50                                           

EMPLOYEE_ID FIRST_NAME           LAST_NAME                 EMAIL                     PHONE_NUMBER         HIRE_DATE JOB_ID         SALARY COMMISSION_PCT MANAGER_ID DEPARTMENT_ID                                           
----------- -------------------- ------------------------- ------------------------- -------------------- --------- ---------- ---------- -------------- ---------- -------------                                           
        133 Jason                Mallin                    JMALLIN                   650.127.1934         14-JUN-04 ST_CLERK         3300                       122            50                                           
        134 Michael              Rogers                    MROGERS                   650.127.1834         26-AUG-06 ST_CLERK         2900                       122            50                                           
        135 Ki                   Gee                       KGEE                      650.127.1734         12-DEC-07 ST_CLERK         2400                       122            50                                           
        136 Hazel                Philtanker                HPHILTAN                  650.127.1634         06-FEB-08 ST_CLERK         2200                       122            50                                           
        137 Renske               Ladwig                    RLADWIG                   650.121.1234         14-JUL-03 ST_CLERK         3600                       123            50                                           
        138 Stephen              Stiles                    SSTILES                   650.121.2034         26-OCT-05 ST_CLERK         3200                       123            50                                           
        139 John                 Seo                       JSEO                      650.121.2019         12-FEB-06 ST_CLERK         2700                       123            50                                           
        140 Joshua               Patel                     JPATEL                    650.121.1834         06-APR-06 ST_CLERK         2500                       123            50                                           
        141 Trenna               Rajs                      TRAJS                     650.121.8009         17-OCT-03 ST_CLERK         3500                       124            50                                           
        142 Curtis               Davies                    CDAVIES                   650.121.2994         29-JAN-05 ST_CLERK         3100                       124            50                                           
        143 Randall              Matos                     RMATOS                    650.121.2874         15-MAR-06 ST_CLERK         2600                       124            50                                           

EMPLOYEE_ID FIRST_NAME           LAST_NAME                 EMAIL                     PHONE_NUMBER         HIRE_DATE JOB_ID         SALARY COMMISSION_PCT MANAGER_ID DEPARTMENT_ID                                           
----------- -------------------- ------------------------- ------------------------- -------------------- --------- ---------- ---------- -------------- ---------- -------------                                           
        144 Peter                Vargas                    PVARGAS                   650.121.2004         09-JUL-06 ST_CLERK         2500                       124            50                                           
        145 John                 Russell                   JRUSSEL                   011.44.1344.429268   01-OCT-04 SA_MAN          14000             .4        100            80                                           
        146 Karen                Partners                  KPARTNER                  011.44.1344.467268   05-JAN-05 SA_MAN          13500             .3        100            80                                           
        147 Alberto              Errazuriz                 AERRAZUR                  011.44.1344.429278   10-MAR-05 SA_MAN          12000             .3        100            80                                           
        148 Gerald               Cambrault                 GCAMBRAU                  011.44.1344.619268   15-OCT-07 SA_MAN          11000             .3        100            80                                           
        149 Eleni                Zlotkey                   EZLOTKEY                  011.44.1344.429018   29-JAN-08 SA_MAN          10500             .2        100            80                                           
        150 Peter                Tucker                    PTUCKER                   011.44.1344.129268   30-JAN-05 SA_REP          10000             .3        145            80                                           
        151 David                Bernstein                 DBERNSTE                  011.44.1344.345268   24-MAR-05 SA_REP           9500            .25        145            80                                           
        152 Peter                Hall                      PHALL                     011.44.1344.478968   20-AUG-05 SA_REP           9000            .25        145            80                                           
        153 Christopher          Olsen                     COLSEN                    011.44.1344.498718   30-MAR-06 SA_REP           8000             .2        145            80                                           
        154 Nanette              Cambrault                 NCAMBRAU                  011.44.1344.987668   09-DEC-06 SA_REP           7500             .2        145            80                                           

EMPLOYEE_ID FIRST_NAME           LAST_NAME                 EMAIL                     PHONE_NUMBER         HIRE_DATE JOB_ID         SALARY COMMISSION_PCT MANAGER_ID DEPARTMENT_ID                                           
----------- -------------------- ------------------------- ------------------------- -------------------- --------- ---------- ---------- -------------- ---------- -------------                                           
        155 Oliver               Tuvault                   OTUVAULT                  011.44.1344.486508   23-NOV-07 SA_REP           7000            .15        145            80                                           
        156 Janette              King                      JKING                     011.44.1345.429268   30-JAN-04 SA_REP          10000            .35        146            80                                           
        157 Patrick              Sully                     PSULLY                    011.44.1345.929268   04-MAR-04 SA_REP           9500            .35        146            80                                           
        158 Allan                McEwen                    AMCEWEN                   011.44.1345.829268   01-AUG-04 SA_REP           9000            .35        146            80                                           
        159 Lindsey              Smith                     LSMITH                    011.44.1345.729268   10-MAR-05 SA_REP           8000             .3        146            80                                           
        160 Louise               Doran                     LDORAN                    011.44.1345.629268   15-DEC-05 SA_REP           7500             .3        146            80                                           
        161 Sarath               Sewall                    SSEWALL                   011.44.1345.529268   03-NOV-06 SA_REP           7000            .25        146            80                                           
        162 Clara                Vishney                   CVISHNEY                  011.44.1346.129268   11-NOV-05 SA_REP          10500            .25        147            80                                           
        163 Danielle             Greene                    DGREENE                   011.44.1346.229268   19-MAR-07 SA_REP           9500            .15        147            80                                           
        164 Mattea               Marvins                   MMARVINS                  011.44.1346.329268   24-JAN-08 SA_REP           7200             .1        147            80                                           
        165 David                Lee                       DLEE                      011.44.1346.529268   23-FEB-08 SA_REP           6800             .1        147            80                                           

EMPLOYEE_ID FIRST_NAME           LAST_NAME                 EMAIL                     PHONE_NUMBER         HIRE_DATE JOB_ID         SALARY COMMISSION_PCT MANAGER_ID DEPARTMENT_ID                                           
----------- -------------------- ------------------------- ------------------------- -------------------- --------- ---------- ---------- -------------- ---------- -------------                                           
        166 Sundar               Ande                      SANDE                     011.44.1346.629268   24-MAR-08 SA_REP           6400             .1        147            80                                           
        167 Amit                 Banda                     ABANDA                    011.44.1346.729268   21-APR-08 SA_REP           6200             .1        147            80                                           
        168 Lisa                 Ozer                      LOZER                     011.44.1343.929268   11-MAR-05 SA_REP          11500            .25        148            80                                           
        169 Harrison             Bloom                     HBLOOM                    011.44.1343.829268   23-MAR-06 SA_REP          10000             .2        148            80                                           
        170 Tayler               Fox                       TFOX                      011.44.1343.729268   24-JAN-06 SA_REP           9600             .2        148            80                                           
        171 William              Smith                     WSMITH                    011.44.1343.629268   23-FEB-07 SA_REP           7400            .15        148            80                                           
        172 Elizabeth            Bates                     EBATES                    011.44.1343.529268   24-MAR-07 SA_REP           7300            .15        148            80                                           
        173 Sundita              Kumar                     SKUMAR                    011.44.1343.329268   21-APR-08 SA_REP           6100             .1        148            80                                           
        174 Ellen                Abel                      EABEL                     011.44.1644.429267   11-MAY-04 SA_REP          11000             .3        149            80                                           
        175 Alyssa               Hutton                    AHUTTON                   011.44.1644.429266   19-MAR-05 SA_REP           8800            .25        149            80                                           
        176 Jonathon             Taylor                    JTAYLOR                   011.44.1644.429265   24-MAR-06 SA_REP           8600             .2        149            80                                           

EMPLOYEE_ID FIRST_NAME           LAST_NAME                 EMAIL                     PHONE_NUMBER         HIRE_DATE JOB_ID         SALARY COMMISSION_PCT MANAGER_ID DEPARTMENT_ID                                           
----------- -------------------- ------------------------- ------------------------- -------------------- --------- ---------- ---------- -------------- ---------- -------------                                           
        177 Jack                 Livingston                JLIVINGS                  011.44.1644.429264   23-APR-06 SA_REP           8400             .2        149            80                                           
        178 Kimberely            Grant                     KGRANT                    011.44.1644.429263   24-MAY-07 SA_REP           7000            .15        149                                                         
        179 Charles              Johnson                   CJOHNSON                  011.44.1644.429262   04-JAN-08 SA_REP           6200             .1        149            80                                           
        180 Winston              Taylor                    WTAYLOR                   650.507.9876         24-JAN-06 SH_CLERK         3200                       120            50                                           
        181 Jean                 Fleaur                    JFLEAUR                   650.507.9877         23-FEB-06 SH_CLERK         3100                       120            50                                           
        182 Martha               Sullivan                  MSULLIVA                  650.507.9878         21-JUN-07 SH_CLERK         2500                       120            50                                           
        183 Girard               Geoni                     GGEONI                    650.507.9879         03-FEB-08 SH_CLERK         2800                       120            50                                           
        184 Nandita              Sarchand                  NSARCHAN                  650.509.1876         27-JAN-04 SH_CLERK         4200                       121            50                                           
        185 Alexis               Bull                      ABULL                     650.509.2876         20-FEB-05 SH_CLERK         4100                       121            50                                           
        186 Julia                Dellinger                 JDELLING                  650.509.3876         24-JUN-06 SH_CLERK         3400                       121            50                                           
        187 Anthony              Cabrio                    ACABRIO                   650.509.4876         07-FEB-07 SH_CLERK         3000                       121            50                                           

EMPLOYEE_ID FIRST_NAME           LAST_NAME                 EMAIL                     PHONE_NUMBER         HIRE_DATE JOB_ID         SALARY COMMISSION_PCT MANAGER_ID DEPARTMENT_ID                                           
----------- -------------------- ------------------------- ------------------------- -------------------- --------- ---------- ---------- -------------- ---------- -------------                                           
        188 Kelly                Chung                     KCHUNG                    650.505.1876         14-JUN-05 SH_CLERK         3800                       122            50                                           
        189 Jennifer             Dilly                     JDILLY                    650.505.2876         13-AUG-05 SH_CLERK         3600                       122            50                                           
        190 Timothy              Gates                     TGATES                    650.505.3876         11-JUL-06 SH_CLERK         2900                       122            50                                           
        191 Randall              Perkins                   RPERKINS                  650.505.4876         19-DEC-07 SH_CLERK         2500                       122            50                                           
        192 Sarah                Bell                      SBELL                     650.501.1876         04-FEB-04 SH_CLERK         4000                       123            50                                           
        193 Britney              Everett                   BEVERETT                  650.501.2876         03-MAR-05 SH_CLERK         3900                       123            50                                           
        194 Samuel               McCain                    SMCCAIN                   650.501.3876         01-JUL-06 SH_CLERK         3200                       123            50                                           
        195 Vance                Jones                     VJONES                    650.501.4876         17-MAR-07 SH_CLERK         2800                       123            50                                           
        196 Alana                Walsh                     AWALSH                    650.507.9811         24-APR-06 SH_CLERK         3100                       124            50                                           
        197 Kevin                Feeney                    KFEENEY                   650.507.9822         23-MAY-06 SH_CLERK         3000                       124            50                                           
        198 Donald               OConnell                  DOCONNEL                  650.507.9833         21-JUN-07 SH_CLERK         2600                       124            50                                           

EMPLOYEE_ID FIRST_NAME           LAST_NAME                 EMAIL                     PHONE_NUMBER         HIRE_DATE JOB_ID         SALARY COMMISSION_PCT MANAGER_ID DEPARTMENT_ID                                           
----------- -------------------- ------------------------- ------------------------- -------------------- --------- ---------- ---------- -------------- ---------- -------------                                           
        199 Douglas              Grant                     DGRANT                    650.507.9844         13-JAN-08 SH_CLERK         2600                       124            50                                           
        200 Jennifer             Whalen                    JWHALEN                   515.123.4444         17-SEP-03 AD_ASST          4400                       101            10                                           
        201 Michael              Hartstein                 MHARTSTE                  515.123.5555         17-FEB-04 MK_MAN          13000                       100            20                                           
        202 Pat                  Fay                       PFAY                      603.123.6666         17-AUG-05 MK_REP           6000                       201            20                                           
        203 Susan                Mavris                    SMAVRIS                   515.123.7777         07-JUN-02 HR_REP           6500                       101            40                                           
        204 Hermann              Baer                      HBAER                     515.123.8888         07-JUN-02 PR_REP          10000                       101            70                                           
        205 Shelley              Higgins                   SHIGGINS                  515.123.8080         07-JUN-02 AC_MGR          12008                       101           110                                           
        206 William              Gietz                     WGIETZ                    515.123.8181         07-JUN-02 AC_ACCOUNT       8300                       205           110                                           

107 rows selected.

SQL> 
SQL> 
SQL> 
SQL> 
SQL> 
SQL> 
SQL> 
SQL> SELECT * FROM EMPLOYEES;

EMPLOYEE_ID FIRST_NAME           LAST_NAME                 EMAIL                     PHONE_NUMBER         HIRE_DATE JOB_ID         SALARY COMMISSION_PCT MANAGER_ID DEPARTMENT_ID                                           
----------- -------------------- ------------------------- ------------------------- -------------------- --------- ---------- ---------- -------------- ---------- -------------                                           
        100 Steven               King                      SKING                     515.123.4567         17-JUN-03 AD_PRES         24000                                      90                                           
        101 Neena                Kochhar                   NKOCHHAR                  515.123.4568         21-SEP-05 AD_VP           17000                       100            90                                           
        102 Lex                  De Haan                   LDEHAAN                   515.123.4569         13-JAN-01 AD_VP           17000                       100            90                                           
        103 Alexander            Hunold                    AHUNOLD                   590.423.4567         03-JAN-06 IT_PROG          9000                       102            60                                           
        104 Bruce                Ernst                     BERNST                    590.423.4568         21-MAY-07 IT_PROG          6000                       103            60                                           
        105 David                Austin                    DAUSTIN                   590.423.4569         25-JUN-05 IT_PROG          4800                       103            60                                           
        106 Valli                Pataballa                 VPATABAL                  590.423.4560         05-FEB-06 IT_PROG          4800                       103            60                                           
        107 Diana                Lorentz                   DLORENTZ                  590.423.5567         07-FEB-07 IT_PROG          4200                       103            60                                           
        108 Nancy                Greenberg                 NGREENBE                  515.124.4569         17-AUG-02 FI_MGR          12008                       101           100                                           
        109 Daniel               Faviet                    DFAVIET                   515.124.4169         16-AUG-02 FI_ACCOUNT       9000                       108           100                                           
        110 John                 Chen                      JCHEN                     515.124.4269         28-SEP-05 FI_ACCOUNT       8200                       108           100                                           

EMPLOYEE_ID FIRST_NAME           LAST_NAME                 EMAIL                     PHONE_NUMBER         HIRE_DATE JOB_ID         SALARY COMMISSION_PCT MANAGER_ID DEPARTMENT_ID                                           
----------- -------------------- ------------------------- ------------------------- -------------------- --------- ---------- ---------- -------------- ---------- -------------                                           
        111 Ismael               Sciarra                   ISCIARRA                  515.124.4369         30-SEP-05 FI_ACCOUNT       7700                       108           100                                           
        112 Jose Manuel          Urman                     JMURMAN                   515.124.4469         07-MAR-06 FI_ACCOUNT       7800                       108           100                                           
        113 Luis                 Popp                      LPOPP                     515.124.4567         07-DEC-07 FI_ACCOUNT       6900                       108           100                                           
        114 Den                  Raphaely                  DRAPHEAL                  515.127.4561         07-DEC-02 PU_MAN          11000                       100            30                                           
        115 Alexander            Khoo                      AKHOO                     515.127.4562         18-MAY-03 PU_CLERK         3100                       114            30                                           
        116 Shelli               Baida                     SBAIDA                    515.127.4563         24-DEC-05 PU_CLERK         2900                       114            30                                           
        117 Sigal                Tobias                    STOBIAS                   515.127.4564         24-JUL-05 PU_CLERK         2800                       114            30                                           
        118 Guy                  Himuro                    GHIMURO                   515.127.4565         15-NOV-06 PU_CLERK         2600                       114            30                                           
        119 Karen                Colmenares                KCOLMENA                  515.127.4566         10-AUG-07 PU_CLERK         2500                       114            30                                           
        120 Matthew              Weiss                     MWEISS                    650.123.1234         18-JUL-04 ST_MAN           8000                       100            50                                           
        121 Adam                 Fripp                     AFRIPP                    650.123.2234         10-APR-05 ST_MAN           8200                       100            50                                           

EMPLOYEE_ID FIRST_NAME           LAST_NAME                 EMAIL                     PHONE_NUMBER         HIRE_DATE JOB_ID         SALARY COMMISSION_PCT MANAGER_ID DEPARTMENT_ID                                           
----------- -------------------- ------------------------- ------------------------- -------------------- --------- ---------- ---------- -------------- ---------- -------------                                           
        122 Payam                Kaufling                  PKAUFLIN                  650.123.3234         01-MAY-03 ST_MAN           7900                       100            50                                           
        123 Shanta               Vollman                   SVOLLMAN                  650.123.4234         10-OCT-05 ST_MAN           6500                       100            50                                           
        124 Kevin                Mourgos                   KMOURGOS                  650.123.5234         16-NOV-07 ST_MAN           5800                       100            50                                           
        125 Julia                Nayer                     JNAYER                    650.124.1214         16-JUL-05 ST_CLERK         3200                       120            50                                           
        126 Irene                Mikkilineni               IMIKKILI                  650.124.1224         28-SEP-06 ST_CLERK         2700                       120            50                                           
        127 James                Landry                    JLANDRY                   650.124.1334         14-JAN-07 ST_CLERK         2400                       120            50                                           
        128 Steven               Markle                    SMARKLE                   650.124.1434         08-MAR-08 ST_CLERK         2200                       120            50                                           
        129 Laura                Bissot                    LBISSOT                   650.124.5234         20-AUG-05 ST_CLERK         3300                       121            50                                           
        130 Mozhe                Atkinson                  MATKINSO                  650.124.6234         30-OCT-05 ST_CLERK         2800                       121            50                                           
        131 James                Marlow                    JAMRLOW                   650.124.7234         16-FEB-05 ST_CLERK         2500                       121            50                                           
        132 TJ                   Olson                     TJOLSON                   650.124.8234         10-APR-07 ST_CLERK         2100                       121            50                                           

EMPLOYEE_ID FIRST_NAME           LAST_NAME                 EMAIL                     PHONE_NUMBER         HIRE_DATE JOB_ID         SALARY COMMISSION_PCT MANAGER_ID DEPARTMENT_ID                                           
----------- -------------------- ------------------------- ------------------------- -------------------- --------- ---------- ---------- -------------- ---------- -------------                                           
        133 Jason                Mallin                    JMALLIN                   650.127.1934         14-JUN-04 ST_CLERK         3300                       122            50                                           
        134 Michael              Rogers                    MROGERS                   650.127.1834         26-AUG-06 ST_CLERK         2900                       122            50                                           
        135 Ki                   Gee                       KGEE                      650.127.1734         12-DEC-07 ST_CLERK         2400                       122            50                                           
        136 Hazel                Philtanker                HPHILTAN                  650.127.1634         06-FEB-08 ST_CLERK         2200                       122            50                                           
        137 Renske               Ladwig                    RLADWIG                   650.121.1234         14-JUL-03 ST_CLERK         3600                       123            50                                           
        138 Stephen              Stiles                    SSTILES                   650.121.2034         26-OCT-05 ST_CLERK         3200                       123            50                                           
        139 John                 Seo                       JSEO                      650.121.2019         12-FEB-06 ST_CLERK         2700                       123            50                                           
        140 Joshua               Patel                     JPATEL                    650.121.1834         06-APR-06 ST_CLERK         2500                       123            50                                           
        141 Trenna               Rajs                      TRAJS                     650.121.8009         17-OCT-03 ST_CLERK         3500                       124            50                                           
        142 Curtis               Davies                    CDAVIES                   650.121.2994         29-JAN-05 ST_CLERK         3100                       124            50                                           
        143 Randall              Matos                     RMATOS                    650.121.2874         15-MAR-06 ST_CLERK         2600                       124            50                                           

EMPLOYEE_ID FIRST_NAME           LAST_NAME                 EMAIL                     PHONE_NUMBER         HIRE_DATE JOB_ID         SALARY COMMISSION_PCT MANAGER_ID DEPARTMENT_ID                                           
----------- -------------------- ------------------------- ------------------------- -------------------- --------- ---------- ---------- -------------- ---------- -------------                                           
        144 Peter                Vargas                    PVARGAS                   650.121.2004         09-JUL-06 ST_CLERK         2500                       124            50                                           
        145 John                 Russell                   JRUSSEL                   011.44.1344.429268   01-OCT-04 SA_MAN          14000             .4        100            80                                           
        146 Karen                Partners                  KPARTNER                  011.44.1344.467268   05-JAN-05 SA_MAN          13500             .3        100            80                                           
        147 Alberto              Errazuriz                 AERRAZUR                  011.44.1344.429278   10-MAR-05 SA_MAN          12000             .3        100            80                                           
        148 Gerald               Cambrault                 GCAMBRAU                  011.44.1344.619268   15-OCT-07 SA_MAN          11000             .3        100            80                                           
        149 Eleni                Zlotkey                   EZLOTKEY                  011.44.1344.429018   29-JAN-08 SA_MAN          10500             .2        100            80                                           
        150 Peter                Tucker                    PTUCKER                   011.44.1344.129268   30-JAN-05 SA_REP          10000             .3        145            80                                           
        151 David                Bernstein                 DBERNSTE                  011.44.1344.345268   24-MAR-05 SA_REP           9500            .25        145            80                                           
        152 Peter                Hall                      PHALL                     011.44.1344.478968   20-AUG-05 SA_REP           9000            .25        145            80                                           
        153 Christopher          Olsen                     COLSEN                    011.44.1344.498718   30-MAR-06 SA_REP           8000             .2        145            80                                           
        154 Nanette              Cambrault                 NCAMBRAU                  011.44.1344.987668   09-DEC-06 SA_REP           7500             .2        145            80                                           

EMPLOYEE_ID FIRST_NAME           LAST_NAME                 EMAIL                     PHONE_NUMBER         HIRE_DATE JOB_ID         SALARY COMMISSION_PCT MANAGER_ID DEPARTMENT_ID                                           
----------- -------------------- ------------------------- ------------------------- -------------------- --------- ---------- ---------- -------------- ---------- -------------                                           
        155 Oliver               Tuvault                   OTUVAULT                  011.44.1344.486508   23-NOV-07 SA_REP           7000            .15        145            80                                           
        156 Janette              King                      JKING                     011.44.1345.429268   30-JAN-04 SA_REP          10000            .35        146            80                                           
        157 Patrick              Sully                     PSULLY                    011.44.1345.929268   04-MAR-04 SA_REP           9500            .35        146            80                                           
        158 Allan                McEwen                    AMCEWEN                   011.44.1345.829268   01-AUG-04 SA_REP           9000            .35        146            80                                           
        159 Lindsey              Smith                     LSMITH                    011.44.1345.729268   10-MAR-05 SA_REP           8000             .3        146            80                                           
        160 Louise               Doran                     LDORAN                    011.44.1345.629268   15-DEC-05 SA_REP           7500             .3        146            80                                           
        161 Sarath               Sewall                    SSEWALL                   011.44.1345.529268   03-NOV-06 SA_REP           7000            .25        146            80                                           
        162 Clara                Vishney                   CVISHNEY                  011.44.1346.129268   11-NOV-05 SA_REP          10500            .25        147            80                                           
        163 Danielle             Greene                    DGREENE                   011.44.1346.229268   19-MAR-07 SA_REP           9500            .15        147            80                                           
        164 Mattea               Marvins                   MMARVINS                  011.44.1346.329268   24-JAN-08 SA_REP           7200             .1        147            80                                           
        165 David                Lee                       DLEE                      011.44.1346.529268   23-FEB-08 SA_REP           6800             .1        147            80                                           

EMPLOYEE_ID FIRST_NAME           LAST_NAME                 EMAIL                     PHONE_NUMBER         HIRE_DATE JOB_ID         SALARY COMMISSION_PCT MANAGER_ID DEPARTMENT_ID                                           
----------- -------------------- ------------------------- ------------------------- -------------------- --------- ---------- ---------- -------------- ---------- -------------                                           
        166 Sundar               Ande                      SANDE                     011.44.1346.629268   24-MAR-08 SA_REP           6400             .1        147            80                                           
        167 Amit                 Banda                     ABANDA                    011.44.1346.729268   21-APR-08 SA_REP           6200             .1        147            80                                           
        168 Lisa                 Ozer                      LOZER                     011.44.1343.929268   11-MAR-05 SA_REP          11500            .25        148            80                                           
        169 Harrison             Bloom                     HBLOOM                    011.44.1343.829268   23-MAR-06 SA_REP          10000             .2        148            80                                           
        170 Tayler               Fox                       TFOX                      011.44.1343.729268   24-JAN-06 SA_REP           9600             .2        148            80                                           
        171 William              Smith                     WSMITH                    011.44.1343.629268   23-FEB-07 SA_REP           7400            .15        148            80                                           
        172 Elizabeth            Bates                     EBATES                    011.44.1343.529268   24-MAR-07 SA_REP           7300            .15        148            80                                           
        173 Sundita              Kumar                     SKUMAR                    011.44.1343.329268   21-APR-08 SA_REP           6100             .1        148            80                                           
        174 Ellen                Abel                      EABEL                     011.44.1644.429267   11-MAY-04 SA_REP          11000             .3        149            80                                           
        175 Alyssa               Hutton                    AHUTTON                   011.44.1644.429266   19-MAR-05 SA_REP           8800            .25        149            80                                           
        176 Jonathon             Taylor                    JTAYLOR                   011.44.1644.429265   24-MAR-06 SA_REP           8600             .2        149            80                                           

EMPLOYEE_ID FIRST_NAME           LAST_NAME                 EMAIL                     PHONE_NUMBER         HIRE_DATE JOB_ID         SALARY COMMISSION_PCT MANAGER_ID DEPARTMENT_ID                                           
----------- -------------------- ------------------------- ------------------------- -------------------- --------- ---------- ---------- -------------- ---------- -------------                                           
        177 Jack                 Livingston                JLIVINGS                  011.44.1644.429264   23-APR-06 SA_REP           8400             .2        149            80                                           
        178 Kimberely            Grant                     KGRANT                    011.44.1644.429263   24-MAY-07 SA_REP           7000            .15        149                                                         
        179 Charles              Johnson                   CJOHNSON                  011.44.1644.429262   04-JAN-08 SA_REP           6200             .1        149            80                                           
        180 Winston              Taylor                    WTAYLOR                   650.507.9876         24-JAN-06 SH_CLERK         3200                       120            50                                           
        181 Jean                 Fleaur                    JFLEAUR                   650.507.9877         23-FEB-06 SH_CLERK         3100                       120            50                                           
        182 Martha               Sullivan                  MSULLIVA                  650.507.9878         21-JUN-07 SH_CLERK         2500                       120            50                                           
        183 Girard               Geoni                     GGEONI                    650.507.9879         03-FEB-08 SH_CLERK         2800                       120            50                                           
        184 Nandita              Sarchand                  NSARCHAN                  650.509.1876         27-JAN-04 SH_CLERK         4200                       121            50                                           
        185 Alexis               Bull                      ABULL                     650.509.2876         20-FEB-05 SH_CLERK         4100                       121            50                                           
        186 Julia                Dellinger                 JDELLING                  650.509.3876         24-JUN-06 SH_CLERK         3400                       121            50                                           
        187 Anthony              Cabrio                    ACABRIO                   650.509.4876         07-FEB-07 SH_CLERK         3000                       121            50                                           

EMPLOYEE_ID FIRST_NAME           LAST_NAME                 EMAIL                     PHONE_NUMBER         HIRE_DATE JOB_ID         SALARY COMMISSION_PCT MANAGER_ID DEPARTMENT_ID                                           
----------- -------------------- ------------------------- ------------------------- -------------------- --------- ---------- ---------- -------------- ---------- -------------                                           
        188 Kelly                Chung                     KCHUNG                    650.505.1876         14-JUN-05 SH_CLERK         3800                       122            50                                           
        189 Jennifer             Dilly                     JDILLY                    650.505.2876         13-AUG-05 SH_CLERK         3600                       122            50                                           
        190 Timothy              Gates                     TGATES                    650.505.3876         11-JUL-06 SH_CLERK         2900                       122            50                                           
        191 Randall              Perkins                   RPERKINS                  650.505.4876         19-DEC-07 SH_CLERK         2500                       122            50                                           
        192 Sarah                Bell                      SBELL                     650.501.1876         04-FEB-04 SH_CLERK         4000                       123            50                                           
        193 Britney              Everett                   BEVERETT                  650.501.2876         03-MAR-05 SH_CLERK         3900                       123            50                                           
        194 Samuel               McCain                    SMCCAIN                   650.501.3876         01-JUL-06 SH_CLERK         3200                       123            50                                           
        195 Vance                Jones                     VJONES                    650.501.4876         17-MAR-07 SH_CLERK         2800                       123            50                                           
        196 Alana                Walsh                     AWALSH                    650.507.9811         24-APR-06 SH_CLERK         3100                       124            50                                           
        197 Kevin                Feeney                    KFEENEY                   650.507.9822         23-MAY-06 SH_CLERK         3000                       124            50                                           
        198 Donald               OConnell                  DOCONNEL                  650.507.9833         21-JUN-07 SH_CLERK         2600                       124            50                                           

EMPLOYEE_ID FIRST_NAME           LAST_NAME                 EMAIL                     PHONE_NUMBER         HIRE_DATE JOB_ID         SALARY COMMISSION_PCT MANAGER_ID DEPARTMENT_ID                                           
----------- -------------------- ------------------------- ------------------------- -------------------- --------- ---------- ---------- -------------- ---------- -------------                                           
        199 Douglas              Grant                     DGRANT                    650.507.9844         13-JAN-08 SH_CLERK         2600                       124            50                                           
        200 Jennifer             Whalen                    JWHALEN                   515.123.4444         17-SEP-03 AD_ASST          4400                       101            10                                           
        201 Michael              Hartstein                 MHARTSTE                  515.123.5555         17-FEB-04 MK_MAN          13000                       100            20                                           
        202 Pat                  Fay                       PFAY                      603.123.6666         17-AUG-05 MK_REP           6000                       201            20                                           
        203 Susan                Mavris                    SMAVRIS                   515.123.7777         07-JUN-02 HR_REP           6500                       101            40                                           
        204 Hermann              Baer                      HBAER                     515.123.8888         07-JUN-02 PR_REP          10000                       101            70                                           
        205 Shelley              Higgins                   SHIGGINS                  515.123.8080         07-JUN-02 AC_MGR          12008                       101           110                                           
        206 William              Gietz                     WGIETZ                    515.123.8181         07-JUN-02 AC_ACCOUNT       8300                       205           110                                           

107 rows selected.

SQL> SELECT * FROM EMPLOYEES WHERE DEPARTMENT_ID=30;

EMPLOYEE_ID FIRST_NAME           LAST_NAME                 EMAIL                     PHONE_NUMBER         HIRE_DATE JOB_ID         SALARY COMMISSION_PCT MANAGER_ID DEPARTMENT_ID                                           
----------- -------------------- ------------------------- ------------------------- -------------------- --------- ---------- ---------- -------------- ---------- -------------                                           
        114 Den                  Raphaely                  DRAPHEAL                  515.127.4561         07-DEC-02 PU_MAN          11000                       100            30                                           
        115 Alexander            Khoo                      AKHOO                     515.127.4562         18-MAY-03 PU_CLERK         3100                       114            30                                           
        116 Shelli               Baida                     SBAIDA                    515.127.4563         24-DEC-05 PU_CLERK         2900                       114            30                                           
        117 Sigal                Tobias                    STOBIAS                   515.127.4564         24-JUL-05 PU_CLERK         2800                       114            30                                           
        118 Guy                  Himuro                    GHIMURO                   515.127.4565         15-NOV-06 PU_CLERK         2600                       114            30                                           
        119 Karen                Colmenares                KCOLMENA                  515.127.4566         10-AUG-07 PU_CLERK         2500                       114            30                                           

6 rows selected.

SQL> SET LINESIZE 250
SQL> SELECT * FROM EMPLOYEES;

EMPLOYEE_ID FIRST_NAME           LAST_NAME                 EMAIL                     PHONE_NUMBER         HIRE_DATE JOB_ID         SALARY COMMISSION_PCT MANAGER_ID DEPARTMENT_ID                                                                         
----------- -------------------- ------------------------- ------------------------- -------------------- --------- ---------- ---------- -------------- ---------- -------------                                                                         
        100 Steven               King                      SKING                     515.123.4567         17-JUN-03 AD_PRES         24000                                      90                                                                         
        101 Neena                Kochhar                   NKOCHHAR                  515.123.4568         21-SEP-05 AD_VP           17000                       100            90                                                                         
        102 Lex                  De Haan                   LDEHAAN                   515.123.4569         13-JAN-01 AD_VP           17000                       100            90                                                                         
        103 Alexander            Hunold                    AHUNOLD                   590.423.4567         03-JAN-06 IT_PROG          9000                       102            60                                                                         
        104 Bruce                Ernst                     BERNST                    590.423.4568         21-MAY-07 IT_PROG          6000                       103            60                                                                         
        105 David                Austin                    DAUSTIN                   590.423.4569         25-JUN-05 IT_PROG          4800                       103            60                                                                         
        106 Valli                Pataballa                 VPATABAL                  590.423.4560         05-FEB-06 IT_PROG          4800                       103            60                                                                         
        107 Diana                Lorentz                   DLORENTZ                  590.423.5567         07-FEB-07 IT_PROG          4200                       103            60                                                                         
        108 Nancy                Greenberg                 NGREENBE                  515.124.4569         17-AUG-02 FI_MGR          12008                       101           100                                                                         
        109 Daniel               Faviet                    DFAVIET                   515.124.4169         16-AUG-02 FI_ACCOUNT       9000                       108           100                                                                         
        110 John                 Chen                      JCHEN                     515.124.4269         28-SEP-05 FI_ACCOUNT       8200                       108           100                                                                         

EMPLOYEE_ID FIRST_NAME           LAST_NAME                 EMAIL                     PHONE_NUMBER         HIRE_DATE JOB_ID         SALARY COMMISSION_PCT MANAGER_ID DEPARTMENT_ID                                                                         
----------- -------------------- ------------------------- ------------------------- -------------------- --------- ---------- ---------- -------------- ---------- -------------                                                                         
        111 Ismael               Sciarra                   ISCIARRA                  515.124.4369         30-SEP-05 FI_ACCOUNT       7700                       108           100                                                                         
        112 Jose Manuel          Urman                     JMURMAN                   515.124.4469         07-MAR-06 FI_ACCOUNT       7800                       108           100                                                                         
        113 Luis                 Popp                      LPOPP                     515.124.4567         07-DEC-07 FI_ACCOUNT       6900                       108           100                                                                         
        114 Den                  Raphaely                  DRAPHEAL                  515.127.4561         07-DEC-02 PU_MAN          11000                       100            30                                                                         
        115 Alexander            Khoo                      AKHOO                     515.127.4562         18-MAY-03 PU_CLERK         3100                       114            30                                                                         
        116 Shelli               Baida                     SBAIDA                    515.127.4563         24-DEC-05 PU_CLERK         2900                       114            30                                                                         
        117 Sigal                Tobias                    STOBIAS                   515.127.4564         24-JUL-05 PU_CLERK         2800                       114            30                                                                         
        118 Guy                  Himuro                    GHIMURO                   515.127.4565         15-NOV-06 PU_CLERK         2600                       114            30                                                                         
        119 Karen                Colmenares                KCOLMENA                  515.127.4566         10-AUG-07 PU_CLERK         2500                       114            30                                                                         
        120 Matthew              Weiss                     MWEISS                    650.123.1234         18-JUL-04 ST_MAN           8000                       100            50                                                                         
        121 Adam                 Fripp                     AFRIPP                    650.123.2234         10-APR-05 ST_MAN           8200                       100            50                                                                         

EMPLOYEE_ID FIRST_NAME           LAST_NAME                 EMAIL                     PHONE_NUMBER         HIRE_DATE JOB_ID         SALARY COMMISSION_PCT MANAGER_ID DEPARTMENT_ID                                                                         
----------- -------------------- ------------------------- ------------------------- -------------------- --------- ---------- ---------- -------------- ---------- -------------                                                                         
        122 Payam                Kaufling                  PKAUFLIN                  650.123.3234         01-MAY-03 ST_MAN           7900                       100            50                                                                         
        123 Shanta               Vollman                   SVOLLMAN                  650.123.4234         10-OCT-05 ST_MAN           6500                       100            50                                                                         
        124 Kevin                Mourgos                   KMOURGOS                  650.123.5234         16-NOV-07 ST_MAN           5800                       100            50                                                                         
        125 Julia                Nayer                     JNAYER                    650.124.1214         16-JUL-05 ST_CLERK         3200                       120            50                                                                         
        126 Irene                Mikkilineni               IMIKKILI                  650.124.1224         28-SEP-06 ST_CLERK         2700                       120            50                                                                         
        127 James                Landry                    JLANDRY                   650.124.1334         14-JAN-07 ST_CLERK         2400                       120            50                                                                         
        128 Steven               Markle                    SMARKLE                   650.124.1434         08-MAR-08 ST_CLERK         2200                       120            50                                                                         
        129 Laura                Bissot                    LBISSOT                   650.124.5234         20-AUG-05 ST_CLERK         3300                       121            50                                                                         
        130 Mozhe                Atkinson                  MATKINSO                  650.124.6234         30-OCT-05 ST_CLERK         2800                       121            50                                                                         
        131 James                Marlow                    JAMRLOW                   650.124.7234         16-FEB-05 ST_CLERK         2500                       121            50                                                                         
        132 TJ                   Olson                     TJOLSON                   650.124.8234         10-APR-07 ST_CLERK         2100                       121            50                                                                         

EMPLOYEE_ID FIRST_NAME           LAST_NAME                 EMAIL                     PHONE_NUMBER         HIRE_DATE JOB_ID         SALARY COMMISSION_PCT MANAGER_ID DEPARTMENT_ID                                                                         
----------- -------------------- ------------------------- ------------------------- -------------------- --------- ---------- ---------- -------------- ---------- -------------                                                                         
        133 Jason                Mallin                    JMALLIN                   650.127.1934         14-JUN-04 ST_CLERK         3300                       122            50                                                                         
        134 Michael              Rogers                    MROGERS                   650.127.1834         26-AUG-06 ST_CLERK         2900                       122            50                                                                         
        135 Ki                   Gee                       KGEE                      650.127.1734         12-DEC-07 ST_CLERK         2400                       122            50                                                                         
        136 Hazel                Philtanker                HPHILTAN                  650.127.1634         06-FEB-08 ST_CLERK         2200                       122            50                                                                         
        137 Renske               Ladwig                    RLADWIG                   650.121.1234         14-JUL-03 ST_CLERK         3600                       123            50                                                                         
        138 Stephen              Stiles                    SSTILES                   650.121.2034         26-OCT-05 ST_CLERK         3200                       123            50                                                                         
        139 John                 Seo                       JSEO                      650.121.2019         12-FEB-06 ST_CLERK         2700                       123            50                                                                         
        140 Joshua               Patel                     JPATEL                    650.121.1834         06-APR-06 ST_CLERK         2500                       123            50                                                                         
        141 Trenna               Rajs                      TRAJS                     650.121.8009         17-OCT-03 ST_CLERK         3500                       124            50                                                                         
        142 Curtis               Davies                    CDAVIES                   650.121.2994         29-JAN-05 ST_CLERK         3100                       124            50                                                                         
        143 Randall              Matos                     RMATOS                    650.121.2874         15-MAR-06 ST_CLERK         2600                       124            50                                                                         

EMPLOYEE_ID FIRST_NAME           LAST_NAME                 EMAIL                     PHONE_NUMBER         HIRE_DATE JOB_ID         SALARY COMMISSION_PCT MANAGER_ID DEPARTMENT_ID                                                                         
----------- -------------------- ------------------------- ------------------------- -------------------- --------- ---------- ---------- -------------- ---------- -------------                                                                         
        144 Peter                Vargas                    PVARGAS                   650.121.2004         09-JUL-06 ST_CLERK         2500                       124            50                                                                         
        145 John                 Russell                   JRUSSEL                   011.44.1344.429268   01-OCT-04 SA_MAN          14000             .4        100            80                                                                         
        146 Karen                Partners                  KPARTNER                  011.44.1344.467268   05-JAN-05 SA_MAN          13500             .3        100            80                                                                         
        147 Alberto              Errazuriz                 AERRAZUR                  011.44.1344.429278   10-MAR-05 SA_MAN          12000             .3        100            80                                                                         
        148 Gerald               Cambrault                 GCAMBRAU                  011.44.1344.619268   15-OCT-07 SA_MAN          11000             .3        100            80                                                                         
        149 Eleni                Zlotkey                   EZLOTKEY                  011.44.1344.429018   29-JAN-08 SA_MAN          10500             .2        100            80                                                                         
        150 Peter                Tucker                    PTUCKER                   011.44.1344.129268   30-JAN-05 SA_REP          10000             .3        145            80                                                                         
        151 David                Bernstein                 DBERNSTE                  011.44.1344.345268   24-MAR-05 SA_REP           9500            .25        145            80                                                                         
        152 Peter                Hall                      PHALL                     011.44.1344.478968   20-AUG-05 SA_REP           9000            .25        145            80                                                                         
        153 Christopher          Olsen                     COLSEN                    011.44.1344.498718   30-MAR-06 SA_REP           8000             .2        145            80                                                                         
        154 Nanette              Cambrault                 NCAMBRAU                  011.44.1344.987668   09-DEC-06 SA_REP           7500             .2        145            80                                                                         

EMPLOYEE_ID FIRST_NAME           LAST_NAME                 EMAIL                     PHONE_NUMBER         HIRE_DATE JOB_ID         SALARY COMMISSION_PCT MANAGER_ID DEPARTMENT_ID                                                                         
----------- -------------------- ------------------------- ------------------------- -------------------- --------- ---------- ---------- -------------- ---------- -------------                                                                         
        155 Oliver               Tuvault                   OTUVAULT                  011.44.1344.486508   23-NOV-07 SA_REP           7000            .15        145            80                                                                         
        156 Janette              King                      JKING                     011.44.1345.429268   30-JAN-04 SA_REP          10000            .35        146            80                                                                         
        157 Patrick              Sully                     PSULLY                    011.44.1345.929268   04-MAR-04 SA_REP           9500            .35        146            80                                                                         
        158 Allan                McEwen                    AMCEWEN                   011.44.1345.829268   01-AUG-04 SA_REP           9000            .35        146            80                                                                         
        159 Lindsey              Smith                     LSMITH                    011.44.1345.729268   10-MAR-05 SA_REP           8000             .3        146            80                                                                         
        160 Louise               Doran                     LDORAN                    011.44.1345.629268   15-DEC-05 SA_REP           7500             .3        146            80                                                                         
        161 Sarath               Sewall                    SSEWALL                   011.44.1345.529268   03-NOV-06 SA_REP           7000            .25        146            80                                                                         
        162 Clara                Vishney                   CVISHNEY                  011.44.1346.129268   11-NOV-05 SA_REP          10500            .25        147            80                                                                         
        163 Danielle             Greene                    DGREENE                   011.44.1346.229268   19-MAR-07 SA_REP           9500            .15        147            80                                                                         
        164 Mattea               Marvins                   MMARVINS                  011.44.1346.329268   24-JAN-08 SA_REP           7200             .1        147            80                                                                         
        165 David                Lee                       DLEE                      011.44.1346.529268   23-FEB-08 SA_REP           6800             .1        147            80                                                                         

EMPLOYEE_ID FIRST_NAME           LAST_NAME                 EMAIL                     PHONE_NUMBER         HIRE_DATE JOB_ID         SALARY COMMISSION_PCT MANAGER_ID DEPARTMENT_ID                                                                         
----------- -------------------- ------------------------- ------------------------- -------------------- --------- ---------- ---------- -------------- ---------- -------------                                                                         
        166 Sundar               Ande                      SANDE                     011.44.1346.629268   24-MAR-08 SA_REP           6400             .1        147            80                                                                         
        167 Amit                 Banda                     ABANDA                    011.44.1346.729268   21-APR-08 SA_REP           6200             .1        147            80                                                                         
        168 Lisa                 Ozer                      LOZER                     011.44.1343.929268   11-MAR-05 SA_REP          11500            .25        148            80                                                                         
        169 Harrison             Bloom                     HBLOOM                    011.44.1343.829268   23-MAR-06 SA_REP          10000             .2        148            80                                                                         
        170 Tayler               Fox                       TFOX                      011.44.1343.729268   24-JAN-06 SA_REP           9600             .2        148            80                                                                         
        171 William              Smith                     WSMITH                    011.44.1343.629268   23-FEB-07 SA_REP           7400            .15        148            80                                                                         
        172 Elizabeth            Bates                     EBATES                    011.44.1343.529268   24-MAR-07 SA_REP           7300            .15        148            80                                                                         
        173 Sundita              Kumar                     SKUMAR                    011.44.1343.329268   21-APR-08 SA_REP           6100             .1        148            80                                                                         
        174 Ellen                Abel                      EABEL                     011.44.1644.429267   11-MAY-04 SA_REP          11000             .3        149            80                                                                         
        175 Alyssa               Hutton                    AHUTTON                   011.44.1644.429266   19-MAR-05 SA_REP           8800            .25        149            80                                                                         
        176 Jonathon             Taylor                    JTAYLOR                   011.44.1644.429265   24-MAR-06 SA_REP           8600             .2        149            80                                                                         

EMPLOYEE_ID FIRST_NAME           LAST_NAME                 EMAIL                     PHONE_NUMBER         HIRE_DATE JOB_ID         SALARY COMMISSION_PCT MANAGER_ID DEPARTMENT_ID                                                                         
----------- -------------------- ------------------------- ------------------------- -------------------- --------- ---------- ---------- -------------- ---------- -------------                                                                         
        177 Jack                 Livingston                JLIVINGS                  011.44.1644.429264   23-APR-06 SA_REP           8400             .2        149            80                                                                         
        178 Kimberely            Grant                     KGRANT                    011.44.1644.429263   24-MAY-07 SA_REP           7000            .15        149                                                                                       
        179 Charles              Johnson                   CJOHNSON                  011.44.1644.429262   04-JAN-08 SA_REP           6200             .1        149            80                                                                         
        180 Winston              Taylor                    WTAYLOR                   650.507.9876         24-JAN-06 SH_CLERK         3200                       120            50                                                                         
        181 Jean                 Fleaur                    JFLEAUR                   650.507.9877         23-FEB-06 SH_CLERK         3100                       120            50                                                                         
        182 Martha               Sullivan                  MSULLIVA                  650.507.9878         21-JUN-07 SH_CLERK         2500                       120            50                                                                         
        183 Girard               Geoni                     GGEONI                    650.507.9879         03-FEB-08 SH_CLERK         2800                       120            50                                                                         
        184 Nandita              Sarchand                  NSARCHAN                  650.509.1876         27-JAN-04 SH_CLERK         4200                       121            50                                                                         
        185 Alexis               Bull                      ABULL                     650.509.2876         20-FEB-05 SH_CLERK         4100                       121            50                                                                         
        186 Julia                Dellinger                 JDELLING                  650.509.3876         24-JUN-06 SH_CLERK         3400                       121            50                                                                         
        187 Anthony              Cabrio                    ACABRIO                   650.509.4876         07-FEB-07 SH_CLERK         3000                       121            50                                                                         

EMPLOYEE_ID FIRST_NAME           LAST_NAME                 EMAIL                     PHONE_NUMBER         HIRE_DATE JOB_ID         SALARY COMMISSION_PCT MANAGER_ID DEPARTMENT_ID                                                                         
----------- -------------------- ------------------------- ------------------------- -------------------- --------- ---------- ---------- -------------- ---------- -------------                                                                         
        188 Kelly                Chung                     KCHUNG                    650.505.1876         14-JUN-05 SH_CLERK         3800                       122            50                                                                         
        189 Jennifer             Dilly                     JDILLY                    650.505.2876         13-AUG-05 SH_CLERK         3600                       122            50                                                                         
        190 Timothy              Gates                     TGATES                    650.505.3876         11-JUL-06 SH_CLERK         2900                       122            50                                                                         
        191 Randall              Perkins                   RPERKINS                  650.505.4876         19-DEC-07 SH_CLERK         2500                       122            50                                                                         
        192 Sarah                Bell                      SBELL                     650.501.1876         04-FEB-04 SH_CLERK         4000                       123            50                                                                         
        193 Britney              Everett                   BEVERETT                  650.501.2876         03-MAR-05 SH_CLERK         3900                       123            50                                                                         
        194 Samuel               McCain                    SMCCAIN                   650.501.3876         01-JUL-06 SH_CLERK         3200                       123            50                                                                         
        195 Vance                Jones                     VJONES                    650.501.4876         17-MAR-07 SH_CLERK         2800                       123            50                                                                         
        196 Alana                Walsh                     AWALSH                    650.507.9811         24-APR-06 SH_CLERK         3100                       124            50                                                                         
        197 Kevin                Feeney                    KFEENEY                   650.507.9822         23-MAY-06 SH_CLERK         3000                       124            50                                                                         
        198 Donald               OConnell                  DOCONNEL                  650.507.9833         21-JUN-07 SH_CLERK         2600                       124            50                                                                         

EMPLOYEE_ID FIRST_NAME           LAST_NAME                 EMAIL                     PHONE_NUMBER         HIRE_DATE JOB_ID         SALARY COMMISSION_PCT MANAGER_ID DEPARTMENT_ID                                                                         
----------- -------------------- ------------------------- ------------------------- -------------------- --------- ---------- ---------- -------------- ---------- -------------                                                                         
        199 Douglas              Grant                     DGRANT                    650.507.9844         13-JAN-08 SH_CLERK         2600                       124            50                                                                         
        200 Jennifer             Whalen                    JWHALEN                   515.123.4444         17-SEP-03 AD_ASST          4400                       101            10                                                                         
        201 Michael              Hartstein                 MHARTSTE                  515.123.5555         17-FEB-04 MK_MAN          13000                       100            20                                                                         
        202 Pat                  Fay                       PFAY                      603.123.6666         17-AUG-05 MK_REP           6000                       201            20                                                                         
        203 Susan                Mavris                    SMAVRIS                   515.123.7777         07-JUN-02 HR_REP           6500                       101            40                                                                         
        204 Hermann              Baer                      HBAER                     515.123.8888         07-JUN-02 PR_REP          10000                       101            70                                                                         
        205 Shelley              Higgins                   SHIGGINS                  515.123.8080         07-JUN-02 AC_MGR          12008                       101           110                                                                         
        206 William              Gietz                     WGIETZ                    515.123.8181         07-JUN-02 AC_ACCOUNT       8300                       205           110                                                                         

107 rows selected.

SQL> SET LINESIZE 180
SQL> SELECT * FROM EMPLOYEES;

EMPLOYEE_ID FIRST_NAME           LAST_NAME                 EMAIL                     PHONE_NUMBER         HIRE_DATE JOB_ID         SALARY COMMISSION_PCT MANAGER_ID DEPARTMENT_ID   
----------- -------------------- ------------------------- ------------------------- -------------------- --------- ---------- ---------- -------------- ---------- -------------   
        100 Steven               King                      SKING                     515.123.4567         17-JUN-03 AD_PRES         24000                                      90   
        101 Neena                Kochhar                   NKOCHHAR                  515.123.4568         21-SEP-05 AD_VP           17000                       100            90   
        102 Lex                  De Haan                   LDEHAAN                   515.123.4569         13-JAN-01 AD_VP           17000                       100            90   
        103 Alexander            Hunold                    AHUNOLD                   590.423.4567         03-JAN-06 IT_PROG          9000                       102            60   
        104 Bruce                Ernst                     BERNST                    590.423.4568         21-MAY-07 IT_PROG          6000                       103            60   
        105 David                Austin                    DAUSTIN                   590.423.4569         25-JUN-05 IT_PROG          4800                       103            60   
        106 Valli                Pataballa                 VPATABAL                  590.423.4560         05-FEB-06 IT_PROG          4800                       103            60   
        107 Diana                Lorentz                   DLORENTZ                  590.423.5567         07-FEB-07 IT_PROG          4200                       103            60   
        108 Nancy                Greenberg                 NGREENBE                  515.124.4569         17-AUG-02 FI_MGR          12008                       101           100   
        109 Daniel               Faviet                    DFAVIET                   515.124.4169         16-AUG-02 FI_ACCOUNT       9000                       108           100   
        110 John                 Chen                      JCHEN                     515.124.4269         28-SEP-05 FI_ACCOUNT       8200                       108           100   

EMPLOYEE_ID FIRST_NAME           LAST_NAME                 EMAIL                     PHONE_NUMBER         HIRE_DATE JOB_ID         SALARY COMMISSION_PCT MANAGER_ID DEPARTMENT_ID   
----------- -------------------- ------------------------- ------------------------- -------------------- --------- ---------- ---------- -------------- ---------- -------------   
        111 Ismael               Sciarra                   ISCIARRA                  515.124.4369         30-SEP-05 FI_ACCOUNT       7700                       108           100   
        112 Jose Manuel          Urman                     JMURMAN                   515.124.4469         07-MAR-06 FI_ACCOUNT       7800                       108           100   
        113 Luis                 Popp                      LPOPP                     515.124.4567         07-DEC-07 FI_ACCOUNT       6900                       108           100   
        114 Den                  Raphaely                  DRAPHEAL                  515.127.4561         07-DEC-02 PU_MAN          11000                       100            30   
        115 Alexander            Khoo                      AKHOO                     515.127.4562         18-MAY-03 PU_CLERK         3100                       114            30   
        116 Shelli               Baida                     SBAIDA                    515.127.4563         24-DEC-05 PU_CLERK         2900                       114            30   
        117 Sigal                Tobias                    STOBIAS                   515.127.4564         24-JUL-05 PU_CLERK         2800                       114            30   
        118 Guy                  Himuro                    GHIMURO                   515.127.4565         15-NOV-06 PU_CLERK         2600                       114            30   
        119 Karen                Colmenares                KCOLMENA                  515.127.4566         10-AUG-07 PU_CLERK         2500                       114            30   
        120 Matthew              Weiss                     MWEISS                    650.123.1234         18-JUL-04 ST_MAN           8000                       100            50   
        121 Adam                 Fripp                     AFRIPP                    650.123.2234         10-APR-05 ST_MAN           8200                       100            50   

EMPLOYEE_ID FIRST_NAME           LAST_NAME                 EMAIL                     PHONE_NUMBER         HIRE_DATE JOB_ID         SALARY COMMISSION_PCT MANAGER_ID DEPARTMENT_ID   
----------- -------------------- ------------------------- ------------------------- -------------------- --------- ---------- ---------- -------------- ---------- -------------   
        122 Payam                Kaufling                  PKAUFLIN                  650.123.3234         01-MAY-03 ST_MAN           7900                       100            50   
        123 Shanta               Vollman                   SVOLLMAN                  650.123.4234         10-OCT-05 ST_MAN           6500                       100            50   
        124 Kevin                Mourgos                   KMOURGOS                  650.123.5234         16-NOV-07 ST_MAN           5800                       100            50   
        125 Julia                Nayer                     JNAYER                    650.124.1214         16-JUL-05 ST_CLERK         3200                       120            50   
        126 Irene                Mikkilineni               IMIKKILI                  650.124.1224         28-SEP-06 ST_CLERK         2700                       120            50   
        127 James                Landry                    JLANDRY                   650.124.1334         14-JAN-07 ST_CLERK         2400                       120            50   
        128 Steven               Markle                    SMARKLE                   650.124.1434         08-MAR-08 ST_CLERK         2200                       120            50   
        129 Laura                Bissot                    LBISSOT                   650.124.5234         20-AUG-05 ST_CLERK         3300                       121            50   
        130 Mozhe                Atkinson                  MATKINSO                  650.124.6234         30-OCT-05 ST_CLERK         2800                       121            50   
        131 James                Marlow                    JAMRLOW                   650.124.7234         16-FEB-05 ST_CLERK         2500                       121            50   
        132 TJ                   Olson                     TJOLSON                   650.124.8234         10-APR-07 ST_CLERK         2100                       121            50   

EMPLOYEE_ID FIRST_NAME           LAST_NAME                 EMAIL                     PHONE_NUMBER         HIRE_DATE JOB_ID         SALARY COMMISSION_PCT MANAGER_ID DEPARTMENT_ID   
----------- -------------------- ------------------------- ------------------------- -------------------- --------- ---------- ---------- -------------- ---------- -------------   
        133 Jason                Mallin                    JMALLIN                   650.127.1934         14-JUN-04 ST_CLERK         3300                       122            50   
        134 Michael              Rogers                    MROGERS                   650.127.1834         26-AUG-06 ST_CLERK         2900                       122            50   
        135 Ki                   Gee                       KGEE                      650.127.1734         12-DEC-07 ST_CLERK         2400                       122            50   
        136 Hazel                Philtanker                HPHILTAN                  650.127.1634         06-FEB-08 ST_CLERK         2200                       122            50   
        137 Renske               Ladwig                    RLADWIG                   650.121.1234         14-JUL-03 ST_CLERK         3600                       123            50   
        138 Stephen              Stiles                    SSTILES                   650.121.2034         26-OCT-05 ST_CLERK         3200                       123            50   
        139 John                 Seo                       JSEO                      650.121.2019         12-FEB-06 ST_CLERK         2700                       123            50   
        140 Joshua               Patel                     JPATEL                    650.121.1834         06-APR-06 ST_CLERK         2500                       123            50   
        141 Trenna               Rajs                      TRAJS                     650.121.8009         17-OCT-03 ST_CLERK         3500                       124            50   
        142 Curtis               Davies                    CDAVIES                   650.121.2994         29-JAN-05 ST_CLERK         3100                       124            50   
        143 Randall              Matos                     RMATOS                    650.121.2874         15-MAR-06 ST_CLERK         2600                       124            50   

EMPLOYEE_ID FIRST_NAME           LAST_NAME                 EMAIL                     PHONE_NUMBER         HIRE_DATE JOB_ID         SALARY COMMISSION_PCT MANAGER_ID DEPARTMENT_ID   
----------- -------------------- ------------------------- ------------------------- -------------------- --------- ---------- ---------- -------------- ---------- -------------   
        144 Peter                Vargas                    PVARGAS                   650.121.2004         09-JUL-06 ST_CLERK         2500                       124            50   
        145 John                 Russell                   JRUSSEL                   011.44.1344.429268   01-OCT-04 SA_MAN          14000             .4        100            80   
        146 Karen                Partners                  KPARTNER                  011.44.1344.467268   05-JAN-05 SA_MAN          13500             .3        100            80   
        147 Alberto              Errazuriz                 AERRAZUR                  011.44.1344.429278   10-MAR-05 SA_MAN          12000             .3        100            80   
        148 Gerald               Cambrault                 GCAMBRAU                  011.44.1344.619268   15-OCT-07 SA_MAN          11000             .3        100            80   
        149 Eleni                Zlotkey                   EZLOTKEY                  011.44.1344.429018   29-JAN-08 SA_MAN          10500             .2        100            80   
        150 Peter                Tucker                    PTUCKER                   011.44.1344.129268   30-JAN-05 SA_REP          10000             .3        145            80   
        151 David                Bernstein                 DBERNSTE                  011.44.1344.345268   24-MAR-05 SA_REP           9500            .25        145            80   
        152 Peter                Hall                      PHALL                     011.44.1344.478968   20-AUG-05 SA_REP           9000            .25        145            80   
        153 Christopher          Olsen                     COLSEN                    011.44.1344.498718   30-MAR-06 SA_REP           8000             .2        145            80   
        154 Nanette              Cambrault                 NCAMBRAU                  011.44.1344.987668   09-DEC-06 SA_REP           7500             .2        145            80   

EMPLOYEE_ID FIRST_NAME           LAST_NAME                 EMAIL                     PHONE_NUMBER         HIRE_DATE JOB_ID         SALARY COMMISSION_PCT MANAGER_ID DEPARTMENT_ID   
----------- -------------------- ------------------------- ------------------------- -------------------- --------- ---------- ---------- -------------- ---------- -------------   
        155 Oliver               Tuvault                   OTUVAULT                  011.44.1344.486508   23-NOV-07 SA_REP           7000            .15        145            80   
        156 Janette              King                      JKING                     011.44.1345.429268   30-JAN-04 SA_REP          10000            .35        146            80   
        157 Patrick              Sully                     PSULLY                    011.44.1345.929268   04-MAR-04 SA_REP           9500            .35        146            80   
        158 Allan                McEwen                    AMCEWEN                   011.44.1345.829268   01-AUG-04 SA_REP           9000            .35        146            80   
        159 Lindsey              Smith                     LSMITH                    011.44.1345.729268   10-MAR-05 SA_REP           8000             .3        146            80   
        160 Louise               Doran                     LDORAN                    011.44.1345.629268   15-DEC-05 SA_REP           7500             .3        146            80   
        161 Sarath               Sewall                    SSEWALL                   011.44.1345.529268   03-NOV-06 SA_REP           7000            .25        146            80   
        162 Clara                Vishney                   CVISHNEY                  011.44.1346.129268   11-NOV-05 SA_REP          10500            .25        147            80   
        163 Danielle             Greene                    DGREENE                   011.44.1346.229268   19-MAR-07 SA_REP           9500            .15        147            80   
        164 Mattea               Marvins                   MMARVINS                  011.44.1346.329268   24-JAN-08 SA_REP           7200             .1        147            80   
        165 David                Lee                       DLEE                      011.44.1346.529268   23-FEB-08 SA_REP           6800             .1        147            80   

EMPLOYEE_ID FIRST_NAME           LAST_NAME                 EMAIL                     PHONE_NUMBER         HIRE_DATE JOB_ID         SALARY COMMISSION_PCT MANAGER_ID DEPARTMENT_ID   
----------- -------------------- ------------------------- ------------------------- -------------------- --------- ---------- ---------- -------------- ---------- -------------   
        166 Sundar               Ande                      SANDE                     011.44.1346.629268   24-MAR-08 SA_REP           6400             .1        147            80   
        167 Amit                 Banda                     ABANDA                    011.44.1346.729268   21-APR-08 SA_REP           6200             .1        147            80   
        168 Lisa                 Ozer                      LOZER                     011.44.1343.929268   11-MAR-05 SA_REP          11500            .25        148            80   
        169 Harrison             Bloom                     HBLOOM                    011.44.1343.829268   23-MAR-06 SA_REP          10000             .2        148            80   
        170 Tayler               Fox                       TFOX                      011.44.1343.729268   24-JAN-06 SA_REP           9600             .2        148            80   
        171 William              Smith                     WSMITH                    011.44.1343.629268   23-FEB-07 SA_REP           7400            .15        148            80   
        172 Elizabeth            Bates                     EBATES                    011.44.1343.529268   24-MAR-07 SA_REP           7300            .15        148            80   
        173 Sundita              Kumar                     SKUMAR                    011.44.1343.329268   21-APR-08 SA_REP           6100             .1        148            80   
        174 Ellen                Abel                      EABEL                     011.44.1644.429267   11-MAY-04 SA_REP          11000             .3        149            80   
        175 Alyssa               Hutton                    AHUTTON                   011.44.1644.429266   19-MAR-05 SA_REP           8800            .25        149            80   
        176 Jonathon             Taylor                    JTAYLOR                   011.44.1644.429265   24-MAR-06 SA_REP           8600             .2        149            80   

EMPLOYEE_ID FIRST_NAME           LAST_NAME                 EMAIL                     PHONE_NUMBER         HIRE_DATE JOB_ID         SALARY COMMISSION_PCT MANAGER_ID DEPARTMENT_ID   
----------- -------------------- ------------------------- ------------------------- -------------------- --------- ---------- ---------- -------------- ---------- -------------   
        177 Jack                 Livingston                JLIVINGS                  011.44.1644.429264   23-APR-06 SA_REP           8400             .2        149            80   
        178 Kimberely            Grant                     KGRANT                    011.44.1644.429263   24-MAY-07 SA_REP           7000            .15        149                 
        179 Charles              Johnson                   CJOHNSON                  011.44.1644.429262   04-JAN-08 SA_REP           6200             .1        149            80   
        180 Winston              Taylor                    WTAYLOR                   650.507.9876         24-JAN-06 SH_CLERK         3200                       120            50   
        181 Jean                 Fleaur                    JFLEAUR                   650.507.9877         23-FEB-06 SH_CLERK         3100                       120            50   
        182 Martha               Sullivan                  MSULLIVA                  650.507.9878         21-JUN-07 SH_CLERK         2500                       120            50   
        183 Girard               Geoni                     GGEONI                    650.507.9879         03-FEB-08 SH_CLERK         2800                       120            50   
        184 Nandita              Sarchand                  NSARCHAN                  650.509.1876         27-JAN-04 SH_CLERK         4200                       121            50   
        185 Alexis               Bull                      ABULL                     650.509.2876         20-FEB-05 SH_CLERK         4100                       121            50   
        186 Julia                Dellinger                 JDELLING                  650.509.3876         24-JUN-06 SH_CLERK         3400                       121            50   
        187 Anthony              Cabrio                    ACABRIO                   650.509.4876         07-FEB-07 SH_CLERK         3000                       121            50   

EMPLOYEE_ID FIRST_NAME           LAST_NAME                 EMAIL                     PHONE_NUMBER         HIRE_DATE JOB_ID         SALARY COMMISSION_PCT MANAGER_ID DEPARTMENT_ID   
----------- -------------------- ------------------------- ------------------------- -------------------- --------- ---------- ---------- -------------- ---------- -------------   
        188 Kelly                Chung                     KCHUNG                    650.505.1876         14-JUN-05 SH_CLERK         3800                       122            50   
        189 Jennifer             Dilly                     JDILLY                    650.505.2876         13-AUG-05 SH_CLERK         3600                       122            50   
        190 Timothy              Gates                     TGATES                    650.505.3876         11-JUL-06 SH_CLERK         2900                       122            50   
        191 Randall              Perkins                   RPERKINS                  650.505.4876         19-DEC-07 SH_CLERK         2500                       122            50   
        192 Sarah                Bell                      SBELL                     650.501.1876         04-FEB-04 SH_CLERK         4000                       123            50   
        193 Britney              Everett                   BEVERETT                  650.501.2876         03-MAR-05 SH_CLERK         3900                       123            50   
        194 Samuel               McCain                    SMCCAIN                   650.501.3876         01-JUL-06 SH_CLERK         3200                       123            50   
        195 Vance                Jones                     VJONES                    650.501.4876         17-MAR-07 SH_CLERK         2800                       123            50   
        196 Alana                Walsh                     AWALSH                    650.507.9811         24-APR-06 SH_CLERK         3100                       124            50   
        197 Kevin                Feeney                    KFEENEY                   650.507.9822         23-MAY-06 SH_CLERK         3000                       124            50   
        198 Donald               OConnell                  DOCONNEL                  650.507.9833         21-JUN-07 SH_CLERK         2600                       124            50   

EMPLOYEE_ID FIRST_NAME           LAST_NAME                 EMAIL                     PHONE_NUMBER         HIRE_DATE JOB_ID         SALARY COMMISSION_PCT MANAGER_ID DEPARTMENT_ID   
----------- -------------------- ------------------------- ------------------------- -------------------- --------- ---------- ---------- -------------- ---------- -------------   
        199 Douglas              Grant                     DGRANT                    650.507.9844         13-JAN-08 SH_CLERK         2600                       124            50   
        200 Jennifer             Whalen                    JWHALEN                   515.123.4444         17-SEP-03 AD_ASST          4400                       101            10   
        201 Michael              Hartstein                 MHARTSTE                  515.123.5555         17-FEB-04 MK_MAN          13000                       100            20   
        202 Pat                  Fay                       PFAY                      603.123.6666         17-AUG-05 MK_REP           6000                       201            20   
        203 Susan                Mavris                    SMAVRIS                   515.123.7777         07-JUN-02 HR_REP           6500                       101            40   
        204 Hermann              Baer                      HBAER                     515.123.8888         07-JUN-02 PR_REP          10000                       101            70   
        205 Shelley              Higgins                   SHIGGINS                  515.123.8080         07-JUN-02 AC_MGR          12008                       101           110   
        206 William              Gietz                     WGIETZ                    515.123.8181         07-JUN-02 AC_ACCOUNT       8300                       205           110   

107 rows selected.

SQL> SELECT FIRST_NAME , DATEADD(MONTH, 1, HIRE_DATE) AS FIRST_SAL FROM EMPLOYEES;
SELECT FIRST_NAME , DATEADD(MONTH, 1, HIRE_DATE) AS FIRST_SAL FROM EMPLOYEES
                    *
ERROR at line 1:
ORA-00904: "DATEADD": invalid identifier 


SQL> SELECT FIRST_NAME , DATEADD(MONTH, 1,'HIRE_DATE') AS FIRST_SAL FROM EMPLOYEES;
SELECT FIRST_NAME , DATEADD(MONTH, 1,'HIRE_DATE') AS FIRST_SAL FROM EMPLOYEES
                    *
ERROR at line 1:
ORA-00904: "DATEADD": invalid identifier 


SQL> SELECT FIRST_NAME , EOMONTH('HIRE_DATE')+1 AS FIRST_SAL FROM EMPLOYEES;
SELECT FIRST_NAME , EOMONTH('HIRE_DATE')+1 AS FIRST_SAL FROM EMPLOYEES
                    *
ERROR at line 1:
ORA-00904: "EOMONTH": invalid identifier 


SQL> SELECT FIRST_NAME , LAST_DAY(HIRE_DATE)+1 AS FIRST_SAL FROM EMPLOYEES;

FIRST_NAME           FIRST_SAL                                                                                                                                                      
-------------------- ---------                                                                                                                                                      
Steven               01-JUL-03                                                                                                                                                      
Neena                01-OCT-05                                                                                                                                                      
Lex                  01-FEB-01                                                                                                                                                      
Alexander            01-FEB-06                                                                                                                                                      
Bruce                01-JUN-07                                                                                                                                                      
David                01-JUL-05                                                                                                                                                      
Valli                01-MAR-06                                                                                                                                                      
Diana                01-MAR-07                                                                                                                                                      
Nancy                01-SEP-02                                                                                                                                                      
Daniel               01-SEP-02                                                                                                                                                      
John                 01-OCT-05                                                                                                                                                      

FIRST_NAME           FIRST_SAL                                                                                                                                                      
-------------------- ---------                                                                                                                                                      
Ismael               01-OCT-05                                                                                                                                                      
Jose Manuel          01-APR-06                                                                                                                                                      
Luis                 01-JAN-08                                                                                                                                                      
Den                  01-JAN-03                                                                                                                                                      
Alexander            01-JUN-03                                                                                                                                                      
Shelli               01-JAN-06                                                                                                                                                      
Sigal                01-AUG-05                                                                                                                                                      
Guy                  01-DEC-06                                                                                                                                                      
Karen                01-SEP-07                                                                                                                                                      
Matthew              01-AUG-04                                                                                                                                                      
Adam                 01-MAY-05                                                                                                                                                      

FIRST_NAME           FIRST_SAL                                                                                                                                                      
-------------------- ---------                                                                                                                                                      
Payam                01-JUN-03                                                                                                                                                      
Shanta               01-NOV-05                                                                                                                                                      
Kevin                01-DEC-07                                                                                                                                                      
Julia                01-AUG-05                                                                                                                                                      
Irene                01-OCT-06                                                                                                                                                      
James                01-FEB-07                                                                                                                                                      
Steven               01-APR-08                                                                                                                                                      
Laura                01-SEP-05                                                                                                                                                      
Mozhe                01-NOV-05                                                                                                                                                      
James                01-MAR-05                                                                                                                                                      
TJ                   01-MAY-07                                                                                                                                                      

FIRST_NAME           FIRST_SAL                                                                                                                                                      
-------------------- ---------                                                                                                                                                      
Jason                01-JUL-04                                                                                                                                                      
Michael              01-SEP-06                                                                                                                                                      
Ki                   01-JAN-08                                                                                                                                                      
Hazel                01-MAR-08                                                                                                                                                      
Renske               01-AUG-03                                                                                                                                                      
Stephen              01-NOV-05                                                                                                                                                      
John                 01-MAR-06                                                                                                                                                      
Joshua               01-MAY-06                                                                                                                                                      
Trenna               01-NOV-03                                                                                                                                                      
Curtis               01-FEB-05                                                                                                                                                      
Randall              01-APR-06                                                                                                                                                      

FIRST_NAME           FIRST_SAL                                                                                                                                                      
-------------------- ---------                                                                                                                                                      
Peter                01-AUG-06                                                                                                                                                      
John                 01-NOV-04                                                                                                                                                      
Karen                01-FEB-05                                                                                                                                                      
Alberto              01-APR-05                                                                                                                                                      
Gerald               01-NOV-07                                                                                                                                                      
Eleni                01-FEB-08                                                                                                                                                      
Peter                01-FEB-05                                                                                                                                                      
David                01-APR-05                                                                                                                                                      
Peter                01-SEP-05                                                                                                                                                      
Christopher          01-APR-06                                                                                                                                                      
Nanette              01-JAN-07                                                                                                                                                      

FIRST_NAME           FIRST_SAL                                                                                                                                                      
-------------------- ---------                                                                                                                                                      
Oliver               01-DEC-07                                                                                                                                                      
Janette              01-FEB-04                                                                                                                                                      
Patrick              01-APR-04                                                                                                                                                      
Allan                01-SEP-04                                                                                                                                                      
Lindsey              01-APR-05                                                                                                                                                      
Louise               01-JAN-06                                                                                                                                                      
Sarath               01-DEC-06                                                                                                                                                      
Clara                01-DEC-05                                                                                                                                                      
Danielle             01-APR-07                                                                                                                                                      
Mattea               01-FEB-08                                                                                                                                                      
David                01-MAR-08                                                                                                                                                      

FIRST_NAME           FIRST_SAL                                                                                                                                                      
-------------------- ---------                                                                                                                                                      
Sundar               01-APR-08                                                                                                                                                      
Amit                 01-MAY-08                                                                                                                                                      
Lisa                 01-APR-05                                                                                                                                                      
Harrison             01-APR-06                                                                                                                                                      
Tayler               01-FEB-06                                                                                                                                                      
William              01-MAR-07                                                                                                                                                      
Elizabeth            01-APR-07                                                                                                                                                      
Sundita              01-MAY-08                                                                                                                                                      
Ellen                01-JUN-04                                                                                                                                                      
Alyssa               01-APR-05                                                                                                                                                      
Jonathon             01-APR-06                                                                                                                                                      

FIRST_NAME           FIRST_SAL                                                                                                                                                      
-------------------- ---------                                                                                                                                                      
Jack                 01-MAY-06                                                                                                                                                      
Kimberely            01-JUN-07                                                                                                                                                      
Charles              01-FEB-08                                                                                                                                                      
Winston              01-FEB-06                                                                                                                                                      
Jean                 01-MAR-06                                                                                                                                                      
Martha               01-JUL-07                                                                                                                                                      
Girard               01-MAR-08                                                                                                                                                      
Nandita              01-FEB-04                                                                                                                                                      
Alexis               01-MAR-05                                                                                                                                                      
Julia                01-JUL-06                                                                                                                                                      
Anthony              01-MAR-07                                                                                                                                                      

FIRST_NAME           FIRST_SAL                                                                                                                                                      
-------------------- ---------                                                                                                                                                      
Kelly                01-JUL-05                                                                                                                                                      
Jennifer             01-SEP-05                                                                                                                                                      
Timothy              01-AUG-06                                                                                                                                                      
Randall              01-JAN-08                                                                                                                                                      
Sarah                01-MAR-04                                                                                                                                                      
Britney              01-APR-05                                                                                                                                                      
Samuel               01-AUG-06                                                                                                                                                      
Vance                01-APR-07                                                                                                                                                      
Alana                01-MAY-06                                                                                                                                                      
Kevin                01-JUN-06                                                                                                                                                      
Donald               01-JUL-07                                                                                                                                                      

FIRST_NAME           FIRST_SAL                                                                                                                                                      
-------------------- ---------                                                                                                                                                      
Douglas              01-FEB-08                                                                                                                                                      
Jennifer             01-OCT-03                                                                                                                                                      
Michael              01-MAR-04                                                                                                                                                      
Pat                  01-SEP-05                                                                                                                                                      
Susan                01-JUL-02                                                                                                                                                      
Hermann              01-JUL-02                                                                                                                                                      
Shelley              01-JUL-02                                                                                                                                                      
William              01-JUL-02                                                                                                                                                      

107 rows selected.

SQL> SELECT FIRST_NAME, HIRE_DATE, (SYSDATE - HIRE_DATE) AS EXPERIENCE FROM EMPLOYEES;

FIRST_NAME           HIRE_DATE EXPERIENCE                                                                                                                                           
-------------------- --------- ----------                                                                                                                                           
Steven               17-JUN-03 6599.45506                                                                                                                                           
Neena                21-SEP-05 5772.45506                                                                                                                                           
Lex                  13-JAN-01 7484.45506                                                                                                                                           
Alexander            03-JAN-06 5668.45506                                                                                                                                           
Bruce                21-MAY-07 5165.45506                                                                                                                                           
David                25-JUN-05 5860.45506                                                                                                                                           
Valli                05-FEB-06 5635.45506                                                                                                                                           
Diana                07-FEB-07 5268.45506                                                                                                                                           
Nancy                17-AUG-02 6903.45506                                                                                                                                           
Daniel               16-AUG-02 6904.45506                                                                                                                                           
John                 28-SEP-05 5765.45506                                                                                                                                           

FIRST_NAME           HIRE_DATE EXPERIENCE                                                                                                                                           
-------------------- --------- ----------                                                                                                                                           
Ismael               30-SEP-05 5763.45506                                                                                                                                           
Jose Manuel          07-MAR-06 5605.45506                                                                                                                                           
Luis                 07-DEC-07 4965.45506                                                                                                                                           
Den                  07-DEC-02 6791.45506                                                                                                                                           
Alexander            18-MAY-03 6629.45506                                                                                                                                           
Shelli               24-DEC-05 5678.45506                                                                                                                                           
Sigal                24-JUL-05 5831.45506                                                                                                                                           
Guy                  15-NOV-06 5352.45506                                                                                                                                           
Karen                10-AUG-07 5084.45506                                                                                                                                           
Matthew              18-JUL-04 6202.45506                                                                                                                                           
Adam                 10-APR-05 5936.45506                                                                                                                                           

FIRST_NAME           HIRE_DATE EXPERIENCE                                                                                                                                           
-------------------- --------- ----------                                                                                                                                           
Payam                01-MAY-03 6646.45506                                                                                                                                           
Shanta               10-OCT-05 5753.45506                                                                                                                                           
Kevin                16-NOV-07 4986.45506                                                                                                                                           
Julia                16-JUL-05 5839.45506                                                                                                                                           
Irene                28-SEP-06 5400.45506                                                                                                                                           
James                14-JAN-07 5292.45506                                                                                                                                           
Steven               08-MAR-08 4873.45506                                                                                                                                           
Laura                20-AUG-05 5804.45506                                                                                                                                           
Mozhe                30-OCT-05 5733.45506                                                                                                                                           
James                16-FEB-05 5989.45506                                                                                                                                           
TJ                   10-APR-07 5206.45506                                                                                                                                           

FIRST_NAME           HIRE_DATE EXPERIENCE                                                                                                                                           
-------------------- --------- ----------                                                                                                                                           
Jason                14-JUN-04 6236.45506                                                                                                                                           
Michael              26-AUG-06 5433.45506                                                                                                                                           
Ki                   12-DEC-07 4960.45506                                                                                                                                           
Hazel                06-FEB-08 4904.45506                                                                                                                                           
Renske               14-JUL-03 6572.45506                                                                                                                                           
Stephen              26-OCT-05 5737.45506                                                                                                                                           
John                 12-FEB-06 5628.45506                                                                                                                                           
Joshua               06-APR-06 5575.45506                                                                                                                                           
Trenna               17-OCT-03 6477.45506                                                                                                                                           
Curtis               29-JAN-05 6007.45506                                                                                                                                           
Randall              15-MAR-06 5597.45506                                                                                                                                           

FIRST_NAME           HIRE_DATE EXPERIENCE                                                                                                                                           
-------------------- --------- ----------                                                                                                                                           
Peter                09-JUL-06 5481.45506                                                                                                                                           
John                 01-OCT-04 6127.45506                                                                                                                                           
Karen                05-JAN-05 6031.45506                                                                                                                                           
Alberto              10-MAR-05 5967.45506                                                                                                                                           
Gerald               15-OCT-07 5018.45506                                                                                                                                           
Eleni                29-JAN-08 4912.45506                                                                                                                                           
Peter                30-JAN-05 6006.45506                                                                                                                                           
David                24-MAR-05 5953.45506                                                                                                                                           
Peter                20-AUG-05 5804.45506                                                                                                                                           
Christopher          30-MAR-06 5582.45506                                                                                                                                           
Nanette              09-DEC-06 5328.45506                                                                                                                                           

FIRST_NAME           HIRE_DATE EXPERIENCE                                                                                                                                           
-------------------- --------- ----------                                                                                                                                           
Oliver               23-NOV-07 4979.45506                                                                                                                                           
Janette              30-JAN-04 6372.45506                                                                                                                                           
Patrick              04-MAR-04 6338.45506                                                                                                                                           
Allan                01-AUG-04 6188.45506                                                                                                                                           
Lindsey              10-MAR-05 5967.45506                                                                                                                                           
Louise               15-DEC-05 5687.45506                                                                                                                                           
Sarath               03-NOV-06 5364.45506                                                                                                                                           
Clara                11-NOV-05 5721.45506                                                                                                                                           
Danielle             19-MAR-07 5228.45506                                                                                                                                           
Mattea               24-JAN-08 4917.45506                                                                                                                                           
David                23-FEB-08 4887.45506                                                                                                                                           

FIRST_NAME           HIRE_DATE EXPERIENCE                                                                                                                                           
-------------------- --------- ----------                                                                                                                                           
Sundar               24-MAR-08 4857.45506                                                                                                                                           
Amit                 21-APR-08 4829.45506                                                                                                                                           
Lisa                 11-MAR-05 5966.45506                                                                                                                                           
Harrison             23-MAR-06 5589.45506                                                                                                                                           
Tayler               24-JAN-06 5647.45506                                                                                                                                           
William              23-FEB-07 5252.45506                                                                                                                                           
Elizabeth            24-MAR-07 5223.45506                                                                                                                                           
Sundita              21-APR-08 4829.45506                                                                                                                                           
Ellen                11-MAY-04 6270.45506                                                                                                                                           
Alyssa               19-MAR-05 5958.45506                                                                                                                                           
Jonathon             24-MAR-06 5588.45506                                                                                                                                           

FIRST_NAME           HIRE_DATE EXPERIENCE                                                                                                                                           
-------------------- --------- ----------                                                                                                                                           
Jack                 23-APR-06 5558.45506                                                                                                                                           
Kimberely            24-MAY-07 5162.45506                                                                                                                                           
Charles              04-JAN-08 4937.45506                                                                                                                                           
Winston              24-JAN-06 5647.45506                                                                                                                                           
Jean                 23-FEB-06 5617.45506                                                                                                                                           
Martha               21-JUN-07 5134.45506                                                                                                                                           
Girard               03-FEB-08 4907.45506                                                                                                                                           
Nandita              27-JAN-04 6375.45506                                                                                                                                           
Alexis               20-FEB-05 5985.45506                                                                                                                                           
Julia                24-JUN-06 5496.45506                                                                                                                                           
Anthony              07-FEB-07 5268.45506                                                                                                                                           

FIRST_NAME           HIRE_DATE EXPERIENCE                                                                                                                                           
-------------------- --------- ----------                                                                                                                                           
Kelly                14-JUN-05 5871.45506                                                                                                                                           
Jennifer             13-AUG-05 5811.45506                                                                                                                                           
Timothy              11-JUL-06 5479.45506                                                                                                                                           
Randall              19-DEC-07 4953.45506                                                                                                                                           
Sarah                04-FEB-04 6367.45506                                                                                                                                           
Britney              03-MAR-05 5974.45506                                                                                                                                           
Samuel               01-JUL-06 5489.45506                                                                                                                                           
Vance                17-MAR-07 5230.45506                                                                                                                                           
Alana                24-APR-06 5557.45506                                                                                                                                           
Kevin                23-MAY-06 5528.45506                                                                                                                                           
Donald               21-JUN-07 5134.45506                                                                                                                                           

FIRST_NAME           HIRE_DATE EXPERIENCE                                                                                                                                           
-------------------- --------- ----------                                                                                                                                           
Douglas              13-JAN-08 4928.45506                                                                                                                                           
Jennifer             17-SEP-03 6507.45506                                                                                                                                           
Michael              17-FEB-04 6354.45506                                                                                                                                           
Pat                  17-AUG-05 5807.45506                                                                                                                                           
Susan                07-JUN-02 6974.45506                                                                                                                                           
Hermann              07-JUN-02 6974.45506                                                                                                                                           
Shelley              07-JUN-02 6974.45506                                                                                                                                           
William              07-JUN-02 6974.45506                                                                                                                                           

107 rows selected.

SQL> SELECT FIRST_NAME, HIRE_DATE,FLOOOR((SYSDATE - HIRE_DATE)/365) AS EXPERIENCE FROM EMPLOYEES;
SELECT FIRST_NAME, HIRE_DATE,FLOOOR((SYSDATE - HIRE_DATE)/365) AS EXPERIENCE FROM EMPLOYEES
                             *
ERROR at line 1:
ORA-00904: "FLOOOR": invalid identifier 


SQL> SELECT FIRST_NAME, HIRE_DATE,FLOOR((SYSDATE - HIRE_DATE)/365) AS EXPERIENCE FROM EMPLOYEES;

FIRST_NAME           HIRE_DATE EXPERIENCE                                                                                                                                           
-------------------- --------- ----------                                                                                                                                           
Steven               17-JUN-03         18                                                                                                                                           
Neena                21-SEP-05         15                                                                                                                                           
Lex                  13-JAN-01         20                                                                                                                                           
Alexander            03-JAN-06         15                                                                                                                                           
Bruce                21-MAY-07         14                                                                                                                                           
David                25-JUN-05         16                                                                                                                                           
Valli                05-FEB-06         15                                                                                                                                           
Diana                07-FEB-07         14                                                                                                                                           
Nancy                17-AUG-02         18                                                                                                                                           
Daniel               16-AUG-02         18                                                                                                                                           
John                 28-SEP-05         15                                                                                                                                           

FIRST_NAME           HIRE_DATE EXPERIENCE                                                                                                                                           
-------------------- --------- ----------                                                                                                                                           
Ismael               30-SEP-05         15                                                                                                                                           
Jose Manuel          07-MAR-06         15                                                                                                                                           
Luis                 07-DEC-07         13                                                                                                                                           
Den                  07-DEC-02         18                                                                                                                                           
Alexander            18-MAY-03         18                                                                                                                                           
Shelli               24-DEC-05         15                                                                                                                                           
Sigal                24-JUL-05         15                                                                                                                                           
Guy                  15-NOV-06         14                                                                                                                                           
Karen                10-AUG-07         13                                                                                                                                           
Matthew              18-JUL-04         16                                                                                                                                           
Adam                 10-APR-05         16                                                                                                                                           

FIRST_NAME           HIRE_DATE EXPERIENCE                                                                                                                                           
-------------------- --------- ----------                                                                                                                                           
Payam                01-MAY-03         18                                                                                                                                           
Shanta               10-OCT-05         15                                                                                                                                           
Kevin                16-NOV-07         13                                                                                                                                           
Julia                16-JUL-05         15                                                                                                                                           
Irene                28-SEP-06         14                                                                                                                                           
James                14-JAN-07         14                                                                                                                                           
Steven               08-MAR-08         13                                                                                                                                           
Laura                20-AUG-05         15                                                                                                                                           
Mozhe                30-OCT-05         15                                                                                                                                           
James                16-FEB-05         16                                                                                                                                           
TJ                   10-APR-07         14                                                                                                                                           

FIRST_NAME           HIRE_DATE EXPERIENCE                                                                                                                                           
-------------------- --------- ----------                                                                                                                                           
Jason                14-JUN-04         17                                                                                                                                           
Michael              26-AUG-06         14                                                                                                                                           
Ki                   12-DEC-07         13                                                                                                                                           
Hazel                06-FEB-08         13                                                                                                                                           
Renske               14-JUL-03         18                                                                                                                                           
Stephen              26-OCT-05         15                                                                                                                                           
John                 12-FEB-06         15                                                                                                                                           
Joshua               06-APR-06         15                                                                                                                                           
Trenna               17-OCT-03         17                                                                                                                                           
Curtis               29-JAN-05         16                                                                                                                                           
Randall              15-MAR-06         15                                                                                                                                           

FIRST_NAME           HIRE_DATE EXPERIENCE                                                                                                                                           
-------------------- --------- ----------                                                                                                                                           
Peter                09-JUL-06         15                                                                                                                                           
John                 01-OCT-04         16                                                                                                                                           
Karen                05-JAN-05         16                                                                                                                                           
Alberto              10-MAR-05         16                                                                                                                                           
Gerald               15-OCT-07         13                                                                                                                                           
Eleni                29-JAN-08         13                                                                                                                                           
Peter                30-JAN-05         16                                                                                                                                           
David                24-MAR-05         16                                                                                                                                           
Peter                20-AUG-05         15                                                                                                                                           
Christopher          30-MAR-06         15                                                                                                                                           
Nanette              09-DEC-06         14                                                                                                                                           

FIRST_NAME           HIRE_DATE EXPERIENCE                                                                                                                                           
-------------------- --------- ----------                                                                                                                                           
Oliver               23-NOV-07         13                                                                                                                                           
Janette              30-JAN-04         17                                                                                                                                           
Patrick              04-MAR-04         17                                                                                                                                           
Allan                01-AUG-04         16                                                                                                                                           
Lindsey              10-MAR-05         16                                                                                                                                           
Louise               15-DEC-05         15                                                                                                                                           
Sarath               03-NOV-06         14                                                                                                                                           
Clara                11-NOV-05         15                                                                                                                                           
Danielle             19-MAR-07         14                                                                                                                                           
Mattea               24-JAN-08         13                                                                                                                                           
David                23-FEB-08         13                                                                                                                                           

FIRST_NAME           HIRE_DATE EXPERIENCE                                                                                                                                           
-------------------- --------- ----------                                                                                                                                           
Sundar               24-MAR-08         13                                                                                                                                           
Amit                 21-APR-08         13                                                                                                                                           
Lisa                 11-MAR-05         16                                                                                                                                           
Harrison             23-MAR-06         15                                                                                                                                           
Tayler               24-JAN-06         15                                                                                                                                           
William              23-FEB-07         14                                                                                                                                           
Elizabeth            24-MAR-07         14                                                                                                                                           
Sundita              21-APR-08         13                                                                                                                                           
Ellen                11-MAY-04         17                                                                                                                                           
Alyssa               19-MAR-05         16                                                                                                                                           
Jonathon             24-MAR-06         15                                                                                                                                           

FIRST_NAME           HIRE_DATE EXPERIENCE                                                                                                                                           
-------------------- --------- ----------                                                                                                                                           
Jack                 23-APR-06         15                                                                                                                                           
Kimberely            24-MAY-07         14                                                                                                                                           
Charles              04-JAN-08         13                                                                                                                                           
Winston              24-JAN-06         15                                                                                                                                           
Jean                 23-FEB-06         15                                                                                                                                           
Martha               21-JUN-07         14                                                                                                                                           
Girard               03-FEB-08         13                                                                                                                                           
Nandita              27-JAN-04         17                                                                                                                                           
Alexis               20-FEB-05         16                                                                                                                                           
Julia                24-JUN-06         15                                                                                                                                           
Anthony              07-FEB-07         14                                                                                                                                           

FIRST_NAME           HIRE_DATE EXPERIENCE                                                                                                                                           
-------------------- --------- ----------                                                                                                                                           
Kelly                14-JUN-05         16                                                                                                                                           
Jennifer             13-AUG-05         15                                                                                                                                           
Timothy              11-JUL-06         15                                                                                                                                           
Randall              19-DEC-07         13                                                                                                                                           
Sarah                04-FEB-04         17                                                                                                                                           
Britney              03-MAR-05         16                                                                                                                                           
Samuel               01-JUL-06         15                                                                                                                                           
Vance                17-MAR-07         14                                                                                                                                           
Alana                24-APR-06         15                                                                                                                                           
Kevin                23-MAY-06         15                                                                                                                                           
Donald               21-JUN-07         14                                                                                                                                           

FIRST_NAME           HIRE_DATE EXPERIENCE                                                                                                                                           
-------------------- --------- ----------                                                                                                                                           
Douglas              13-JAN-08         13                                                                                                                                           
Jennifer             17-SEP-03         17                                                                                                                                           
Michael              17-FEB-04         17                                                                                                                                           
Pat                  17-AUG-05         15                                                                                                                                           
Susan                07-JUN-02         19                                                                                                                                           
Hermann              07-JUN-02         19                                                                                                                                           
Shelley              07-JUN-02         19                                                                                                                                           
William              07-JUN-02         19                                                                                                                                           

107 rows selected.

SQL> SELECT INITCAP(FIRST_NAME), INITCAP(LAST_NAME) FROM EMPLOYEES;

INITCAP(FIRST_NAME)  INITCAP(LAST_NAME)                                                                                                                                             
-------------------- -------------------------                                                                                                                                      
Ellen                Abel                                                                                                                                                           
Sundar               Ande                                                                                                                                                           
Mozhe                Atkinson                                                                                                                                                       
David                Austin                                                                                                                                                         
Hermann              Baer                                                                                                                                                           
Shelli               Baida                                                                                                                                                          
Amit                 Banda                                                                                                                                                          
Elizabeth            Bates                                                                                                                                                          
Sarah                Bell                                                                                                                                                           
David                Bernstein                                                                                                                                                      
Laura                Bissot                                                                                                                                                         

INITCAP(FIRST_NAME)  INITCAP(LAST_NAME)                                                                                                                                             
-------------------- -------------------------                                                                                                                                      
Harrison             Bloom                                                                                                                                                          
Alexis               Bull                                                                                                                                                           
Anthony              Cabrio                                                                                                                                                         
Gerald               Cambrault                                                                                                                                                      
Nanette              Cambrault                                                                                                                                                      
John                 Chen                                                                                                                                                           
Kelly                Chung                                                                                                                                                          
Karen                Colmenares                                                                                                                                                     
Curtis               Davies                                                                                                                                                         
Lex                  De Haan                                                                                                                                                        
Julia                Dellinger                                                                                                                                                      

INITCAP(FIRST_NAME)  INITCAP(LAST_NAME)                                                                                                                                             
-------------------- -------------------------                                                                                                                                      
Jennifer             Dilly                                                                                                                                                          
Louise               Doran                                                                                                                                                          
Bruce                Ernst                                                                                                                                                          
Alberto              Errazuriz                                                                                                                                                      
Britney              Everett                                                                                                                                                        
Daniel               Faviet                                                                                                                                                         
Pat                  Fay                                                                                                                                                            
Kevin                Feeney                                                                                                                                                         
Jean                 Fleaur                                                                                                                                                         
Tayler               Fox                                                                                                                                                            
Adam                 Fripp                                                                                                                                                          

INITCAP(FIRST_NAME)  INITCAP(LAST_NAME)                                                                                                                                             
-------------------- -------------------------                                                                                                                                      
Timothy              Gates                                                                                                                                                          
Ki                   Gee                                                                                                                                                            
Girard               Geoni                                                                                                                                                          
William              Gietz                                                                                                                                                          
Douglas              Grant                                                                                                                                                          
Kimberely            Grant                                                                                                                                                          
Nancy                Greenberg                                                                                                                                                      
Danielle             Greene                                                                                                                                                         
Peter                Hall                                                                                                                                                           
Michael              Hartstein                                                                                                                                                      
Shelley              Higgins                                                                                                                                                        

INITCAP(FIRST_NAME)  INITCAP(LAST_NAME)                                                                                                                                             
-------------------- -------------------------                                                                                                                                      
Guy                  Himuro                                                                                                                                                         
Alexander            Hunold                                                                                                                                                         
Alyssa               Hutton                                                                                                                                                         
Charles              Johnson                                                                                                                                                        
Vance                Jones                                                                                                                                                          
Payam                Kaufling                                                                                                                                                       
Alexander            Khoo                                                                                                                                                           
Janette              King                                                                                                                                                           
Steven               King                                                                                                                                                           
Neena                Kochhar                                                                                                                                                        
Sundita              Kumar                                                                                                                                                          

INITCAP(FIRST_NAME)  INITCAP(LAST_NAME)                                                                                                                                             
-------------------- -------------------------                                                                                                                                      
Renske               Ladwig                                                                                                                                                         
James                Landry                                                                                                                                                         
David                Lee                                                                                                                                                            
Jack                 Livingston                                                                                                                                                     
Diana                Lorentz                                                                                                                                                        
Jason                Mallin                                                                                                                                                         
Steven               Markle                                                                                                                                                         
James                Marlow                                                                                                                                                         
Mattea               Marvins                                                                                                                                                        
Randall              Matos                                                                                                                                                          
Susan                Mavris                                                                                                                                                         

INITCAP(FIRST_NAME)  INITCAP(LAST_NAME)                                                                                                                                             
-------------------- -------------------------                                                                                                                                      
Samuel               Mccain                                                                                                                                                         
Allan                Mcewen                                                                                                                                                         
Irene                Mikkilineni                                                                                                                                                    
Kevin                Mourgos                                                                                                                                                        
Julia                Nayer                                                                                                                                                          
Donald               Oconnell                                                                                                                                                       
Christopher          Olsen                                                                                                                                                          
Tj                   Olson                                                                                                                                                          
Lisa                 Ozer                                                                                                                                                           
Karen                Partners                                                                                                                                                       
Valli                Pataballa                                                                                                                                                      

INITCAP(FIRST_NAME)  INITCAP(LAST_NAME)                                                                                                                                             
-------------------- -------------------------                                                                                                                                      
Joshua               Patel                                                                                                                                                          
Randall              Perkins                                                                                                                                                        
Hazel                Philtanker                                                                                                                                                     
Luis                 Popp                                                                                                                                                           
Trenna               Rajs                                                                                                                                                           
Den                  Raphaely                                                                                                                                                       
Michael              Rogers                                                                                                                                                         
John                 Russell                                                                                                                                                        
Nandita              Sarchand                                                                                                                                                       
Ismael               Sciarra                                                                                                                                                        
John                 Seo                                                                                                                                                            

INITCAP(FIRST_NAME)  INITCAP(LAST_NAME)                                                                                                                                             
-------------------- -------------------------                                                                                                                                      
Sarath               Sewall                                                                                                                                                         
Lindsey              Smith                                                                                                                                                          
William              Smith                                                                                                                                                          
Stephen              Stiles                                                                                                                                                         
Martha               Sullivan                                                                                                                                                       
Patrick              Sully                                                                                                                                                          
Jonathon             Taylor                                                                                                                                                         
Winston              Taylor                                                                                                                                                         
Sigal                Tobias                                                                                                                                                         
Peter                Tucker                                                                                                                                                         
Oliver               Tuvault                                                                                                                                                        

INITCAP(FIRST_NAME)  INITCAP(LAST_NAME)                                                                                                                                             
-------------------- -------------------------                                                                                                                                      
Jose Manuel          Urman                                                                                                                                                          
Peter                Vargas                                                                                                                                                         
Clara                Vishney                                                                                                                                                        
Shanta               Vollman                                                                                                                                                        
Alana                Walsh                                                                                                                                                          
Matthew              Weiss                                                                                                                                                          
Jennifer             Whalen                                                                                                                                                         
Eleni                Zlotkey                                                                                                                                                        

107 rows selected.

SQL> SELECT job_title, SUBSTR(job_title,1, INSTR(job_title, ' ')-1)
  2  FROM jobs;

JOB_TITLE                           SUBSTR(JOB_TITLE,1,INSTR(JOB_TITLE,'')-1)                                                                                                       
----------------------------------- --------------------------------------------------------------------------------------------------------------------------------------------    
President                                                                                                                                                                           
Administration Vice President       Administration                                                                                                                                  
Administration Assistant            Administration                                                                                                                                  
Finance Manager                     Finance                                                                                                                                         
Accountant                                                                                                                                                                          
Accounting Manager                  Accounting                                                                                                                                      
Public Accountant                   Public                                                                                                                                          
Sales Manager                       Sales                                                                                                                                           
Sales Representative                Sales                                                                                                                                           
Purchasing Manager                  Purchasing                                                                                                                                      
Purchasing Clerk                    Purchasing                                                                                                                                      

JOB_TITLE                           SUBSTR(JOB_TITLE,1,INSTR(JOB_TITLE,'')-1)                                                                                                       
----------------------------------- --------------------------------------------------------------------------------------------------------------------------------------------    
Stock Manager                       Stock                                                                                                                                           
Stock Clerk                         Stock                                                                                                                                           
Shipping Clerk                      Shipping                                                                                                                                        
Programmer                                                                                                                                                                          
Marketing Manager                   Marketing                                                                                                                                       
Marketing Representative            Marketing                                                                                                                                       
Human Resources Representative      Human                                                                                                                                           
Public Relations Representative     Public                                                                                                                                          

19 rows selected.

SQL> SELECT JOB_TITLE,  SUBSTR(JOB_TITLE,1, INSTR(JOB_TITLE, ' ')-1) FROM JOBS;

JOB_TITLE                           SUBSTR(JOB_TITLE,1,INSTR(JOB_TITLE,'')-1)                                                                                                       
----------------------------------- --------------------------------------------------------------------------------------------------------------------------------------------    
President                                                                                                                                                                           
Administration Vice President       Administration                                                                                                                                  
Administration Assistant            Administration                                                                                                                                  
Finance Manager                     Finance                                                                                                                                         
Accountant                                                                                                                                                                          
Accounting Manager                  Accounting                                                                                                                                      
Public Accountant                   Public                                                                                                                                          
Sales Manager                       Sales                                                                                                                                           
Sales Representative                Sales                                                                                                                                           
Purchasing Manager                  Purchasing                                                                                                                                      
Purchasing Clerk                    Purchasing                                                                                                                                      

JOB_TITLE                           SUBSTR(JOB_TITLE,1,INSTR(JOB_TITLE,'')-1)                                                                                                       
----------------------------------- --------------------------------------------------------------------------------------------------------------------------------------------    
Stock Manager                       Stock                                                                                                                                           
Stock Clerk                         Stock                                                                                                                                           
Shipping Clerk                      Shipping                                                                                                                                        
Programmer                                                                                                                                                                          
Marketing Manager                   Marketing                                                                                                                                       
Marketing Representative            Marketing                                                                                                                                       
Human Resources Representative      Human                                                                                                                                           
Public Relations Representative     Public                                                                                                                                          

19 rows selected.

SQL> SELECT FIRST_NAME, LAST_NAME FROM EMPLOYEES WHERE INSTR(LAST_NAME,'B',3,1) >;
SELECT FIRST_NAME, LAST_NAME FROM EMPLOYEES WHERE INSTR(LAST_NAME,'B',3,1) >
                                                                           *
ERROR at line 1:
ORA-00936: missing expression 


SQL> SELECT FIRST_NAME, LAST_NAME FROM EMPLOYEES WHERE INSTR(LAST_NAME,'B',3,1) ;
SELECT FIRST_NAME, LAST_NAME FROM EMPLOYEES WHERE INSTR(LAST_NAME,'B',3,1) 
                                                                          *
ERROR at line 1:
ORA-00920: invalid relational operator 


SQL> SELECT FIRST_NAME, LAST_NAME FROM EMPLOYEES WHERE INSTR(LAST_NAME,'B',3) ;
SELECT FIRST_NAME, LAST_NAME FROM EMPLOYEES WHERE INSTR(LAST_NAME,'B',3) 
                                                                        *
ERROR at line 1:
ORA-00920: invalid relational operator 


SQL> SELECT FIRST_NAME, LAST_NAME FROM EMPLOYEES WHERE INSTR(LAST_NAME,'B')>3 ;

no rows selected

SQL> SELECT UPPER(FIRST_NAME), LOWER(EMAIL) FROM EMPLOYEES WHERE UPPER(FIRST_NAME)= UPPER(EMAIL);

no rows selected

SQL> SELECT FLOOR(SYSDATE - TO_DATE('01-JAN-2011)) FROM  DUAL;
ERROR:
ORA-01756: quoted string not properly terminated 


SQL> SELECT FLOOR(SYSDATE - TO_DATE('01-JAN-2011')) FROM  DUAL;

FLOOR(SYSDATE-TO_DATE('01-JAN-2011'))                                                                                                                                               
-------------------------------------                                                                                                                                               
                                 3844                                                                                                                                               

SQL> SELECT TO_CHAR(HIRE_DATE,'MM'), COUNT (*) FROM EMPLOYEES ;
SELECT TO_CHAR(HIRE_DATE,'MM'), COUNT (*) FROM EMPLOYEES 
               *
ERROR at line 1:
ORA-00937: not a single-group group function 


SQL> SELECT TO_CHAR(HIRE_DATE,'MM'), COUNT (*) FROM EMPLOYEES GROUP BY HIRE_DATE;

TO   COUNT(*)                                                                                                                                                                       
-- ----------                                                                                                                                                                       
12          1                                                                                                                                                                       
08          1                                                                                                                                                                       
03          1                                                                                                                                                                       
10          1                                                                                                                                                                       
10          1                                                                                                                                                                       
01          1                                                                                                                                                                       
01          1                                                                                                                                                                       
11          1                                                                                                                                                                       
03          1                                                                                                                                                                       
04          2                                                                                                                                                                       
02          1                                                                                                                                                                       

TO   COUNT(*)                                                                                                                                                                       
-- ----------                                                                                                                                                                       
06          1                                                                                                                                                                       
03          1                                                                                                                                                                       
01          1                                                                                                                                                                       
12          1                                                                                                                                                                       
07          1                                                                                                                                                                       
11          1                                                                                                                                                                       
09          1                                                                                                                                                                       
08          1                                                                                                                                                                       
01          1                                                                                                                                                                       
03          1                                                                                                                                                                       
12          1                                                                                                                                                                       

TO   COUNT(*)                                                                                                                                                                       
-- ----------                                                                                                                                                                       
03          1                                                                                                                                                                       
05          1                                                                                                                                                                       
01          1                                                                                                                                                                       
01          1                                                                                                                                                                       
02          1                                                                                                                                                                       
05          1                                                                                                                                                                       
08          1                                                                                                                                                                       
03          1                                                                                                                                                                       
10          1                                                                                                                                                                       
04          1                                                                                                                                                                       
07          1                                                                                                                                                                       

TO   COUNT(*)                                                                                                                                                                       
-- ----------                                                                                                                                                                       
10          1                                                                                                                                                                       
03          2                                                                                                                                                                       
08          1                                                                                                                                                                       
06          1                                                                                                                                                                       
09          1                                                                                                                                                                       
08          1                                                                                                                                                                       
02          1                                                                                                                                                                       
08          2                                                                                                                                                                       
03          1                                                                                                                                                                       
03          1                                                                                                                                                                       
01          1                                                                                                                                                                       

TO   COUNT(*)                                                                                                                                                                       
-- ----------                                                                                                                                                                       
03          1                                                                                                                                                                       
01          2                                                                                                                                                                       
09          1                                                                                                                                                                       
05          1                                                                                                                                                                       
11          1                                                                                                                                                                       
01          1                                                                                                                                                                       
03          1                                                                                                                                                                       
02          1                                                                                                                                                                       
12          1                                                                                                                                                                       
06          1                                                                                                                                                                       
09          1                                                                                                                                                                       

TO   COUNT(*)                                                                                                                                                                       
-- ----------                                                                                                                                                                       
07          1                                                                                                                                                                       
10          1                                                                                                                                                                       
07          1                                                                                                                                                                       
02          1                                                                                                                                                                       
12          1                                                                                                                                                                       
01          1                                                                                                                                                                       
02          1                                                                                                                                                                       
03          1                                                                                                                                                                       
03          1                                                                                                                                                                       
02          1                                                                                                                                                                       
08          1                                                                                                                                                                       

TO   COUNT(*)                                                                                                                                                                       
-- ----------                                                                                                                                                                       
07          1                                                                                                                                                                       
03          1                                                                                                                                                                       
06          4                                                                                                                                                                       
09          1                                                                                                                                                                       
04          1                                                                                                                                                                       
02          1                                                                                                                                                                       
06          1                                                                                                                                                                       
02          1                                                                                                                                                                       
10          1                                                                                                                                                                       
01          1                                                                                                                                                                       
05          1                                                                                                                                                                       

TO   COUNT(*)                                                                                                                                                                       
-- ----------                                                                                                                                                                       
06          2                                                                                                                                                                       
02          1                                                                                                                                                                       
04          1                                                                                                                                                                       
01          1                                                                                                                                                                       
05          1                                                                                                                                                                       
06          1                                                                                                                                                                       
02          2                                                                                                                                                                       
08          1                                                                                                                                                                       
12          1                                                                                                                                                                       
07          1                                                                                                                                                                       
05          1                                                                                                                                                                       

TO   COUNT(*)                                                                                                                                                                       
-- ----------                                                                                                                                                                       
04          1                                                                                                                                                                       
12          1                                                                                                                                                                       
11          1                                                                                                                                                                       
11          1                                                                                                                                                                       
03          1                                                                                                                                                                       
03          1                                                                                                                                                                       
04          1                                                                                                                                                                       
07          1                                                                                                                                                                       
01          1                                                                                                                                                                       
02          1                                                                                                                                                                       

98 rows selected.

SQL> SELECT TO_CHAR(HIRE_DATE,'MM'), COUNT (*) FROM EMPLOYEES
  2  WHERE TO_CHAR(HIRE_DATE,'YYYY')= TO_CHAR(SYSDATE,'YYYY') GROUP BY TO_CHAR(HIRE_DATE,'MM')
  3  ;

no rows selected

SQL> SELECT TO_CHAR(HIRE_DATE,'MM'), COUNT (*) FROM EMPLOYEES GROUP BY TO_CHAR(HIRE_DATE, 'MM');

TO   COUNT(*)                                                                                                                                                                       
-- ----------                                                                                                                                                                       
09          5                                                                                                                                                                       
08          9                                                                                                                                                                       
04          7                                                                                                                                                                       
07          7                                                                                                                                                                       
01         14                                                                                                                                                                       
12          7                                                                                                                                                                       
11          5                                                                                                                                                                       
05          6                                                                                                                                                                       
02         13                                                                                                                                                                       
03         17                                                                                                                                                                       
10          6                                                                                                                                                                       

TO   COUNT(*)                                                                                                                                                                       
-- ----------                                                                                                                                                                       
06         11                                                                                                                                                                       

12 rows selected.

SQL> SELECT MANAGER_ID, COUNT(*) FROM EMPLOYEES GROUP BY MANAGER_ID;

MANAGER_ID   COUNT(*)                                                                                                                                                               
---------- ----------                                                                                                                                                               
                    1                                                                                                                                                               
       100         14                                                                                                                                                               
       123          8                                                                                                                                                               
       120          8                                                                                                                                                               
       121          8                                                                                                                                                               
       147          6                                                                                                                                                               
       108          5                                                                                                                                                               
       148          6                                                                                                                                                               
       149          6                                                                                                                                                               
       205          1                                                                                                                                                               
       102          1                                                                                                                                                               

MANAGER_ID   COUNT(*)                                                                                                                                                               
---------- ----------                                                                                                                                                               
       201          1                                                                                                                                                               
       101          5                                                                                                                                                               
       114          5                                                                                                                                                               
       124          8                                                                                                                                                               
       145          6                                                                                                                                                               
       146          6                                                                                                                                                               
       103          4                                                                                                                                                               
       122          8                                                                                                                                                               

19 rows selected.

SQL> SELECT EMPLOYEE_ID, MAX(END_DATE) FROM JOB_HISTORY GROUP BY EMPLOYEE_ID;

EMPLOYEE_ID MAX(END_D                                                                                                                                                               
----------- ---------                                                                                                                                                               
        101 15-MAR-05                                                                                                                                                               
        102 24-JUL-06                                                                                                                                                               
        114 31-DEC-07                                                                                                                                                               
        122 31-DEC-07                                                                                                                                                               
        176 31-DEC-07                                                                                                                                                               
        200 31-DEC-06                                                                                                                                                               
        201 19-DEC-07                                                                                                                                                               

7 rows selected.

SQL> SELECT EMPLOYEE_ID, END_DATE FROM JOB_HISTORY GROUP BY EMPLOYEE_ID;
SELECT EMPLOYEE_ID, END_DATE FROM JOB_HISTORY GROUP BY EMPLOYEE_ID
                    *
ERROR at line 1:
ORA-00979: not a GROUP BY expression 


SQL> SELECT JOB_ID, AVG(SALARY) FROM EMPLOYEES
  2  GROUP BY JOB_ID
  3  HAVING AVG(SALARY)>10000
  4  ;

JOB_ID     AVG(SALARY)                                                                                                                                                              
---------- -----------                                                                                                                                                              
AC_MGR           12008                                                                                                                                                              
PU_MAN           11000                                                                                                                                                              
AD_VP            17000                                                                                                                                                              
FI_MGR           12008                                                                                                                                                              
SA_MAN           12200                                                                                                                                                              
MK_MAN           13000                                                                                                                                                              
AD_PRES          24000                                                                                                                                                              

7 rows selected.

SQL> SELECT TO_CHAR(HIRE_DATE,'YYYY') FROM EMPLOYEES
  2  GROUP BY TO_CHAR(HIRE_DATE,'YYYY')
  3  HAVING COUNT(EMPLOYEE_ID) > 10
  4  ;

TO_C                                                                                                                                                                                
----                                                                                                                                                                                
2005                                                                                                                                                                                
2008                                                                                                                                                                                
2007                                                                                                                                                                                
2006                                                                                                                                                                                

SQL> SELECT TO_CHAR(HIRE_DATE,'YYYY') FROM EMPLOYEES
  2  GROUP BY TO_CHAR(HIRE_DATE,'YYYY')
  3  HAVING COUNT(EMPLOYEE_ID) > 10
  4  ;

TO_C                                                                                                                                                                                
----                                                                                                                                                                                
2005                                                                                                                                                                                
2008                                                                                                                                                                                
2007                                                                                                                                                                                
2006                                                                                                                                                                                

SQL> SELECT JOB_TITLE, DEPARTMENT_NAME, LAST_NAME, START_DATE
  2  FROM JOB_HISTORY JOIN JOBS USING (JOB_ID) JOIN DEPARTMENTS
  3  USING (DEPARTMENT_ID) JOIN  EMPLOYEES USING (EMPLOYEE_ID)
  4  WHERE TO_CHAR(START_DATE,'YYYY') BETWEEN 2000 AND 2005
  5  ;

JOB_TITLE                           DEPARTMENT_NAME                LAST_NAME                 START_DAT                                                                              
----------------------------------- ------------------------------ ------------------------- ---------                                                                              
Programmer                          IT                             De Haan                   13-JAN-01                                                                              
Accounting Manager                  Accounting                     Kochhar                   28-OCT-01                                                                              
Marketing Representative            Marketing                      Hartstein                 17-FEB-04                                                                              
Public Accountant                   Executive                      Whalen                    01-JUL-02                                                                              

SQL> SELECT DEPARTMENT_NAME, FIRST_NAME, SALARY
  2  FROM DEPARTMENTS D JOIN EMPLOYEES E ON (D.MANAGER_ID=E.MANAGER_ID)
  3  WHERE  (SYSDATE-HIRE_DATE) / 365 > 5
  4  ;

DEPARTMENT_NAME                FIRST_NAME               SALARY                                                                                                                      
------------------------------ -------------------- ----------                                                                                                                      
Marketing                      Pat                        6000                                                                                                                      
Purchasing                     Karen                      2500                                                                                                                      
Purchasing                     Guy                        2600                                                                                                                      
Purchasing                     Sigal                      2800                                                                                                                      
Purchasing                     Shelli                     2900                                                                                                                      
Purchasing                     Alexander                  3100                                                                                                                      
Shipping                       Anthony                    3000                                                                                                                      
Shipping                       Julia                      3400                                                                                                                      
Shipping                       Alexis                     4100                                                                                                                      
Shipping                       Nandita                    4200                                                                                                                      
Shipping                       TJ                         2100                                                                                                                      

DEPARTMENT_NAME                FIRST_NAME               SALARY                                                                                                                      
------------------------------ -------------------- ----------                                                                                                                      
Shipping                       James                      2500                                                                                                                      
Shipping                       Mozhe                      2800                                                                                                                      
Shipping                       Laura                      3300                                                                                                                      
IT                             Diana                      4200                                                                                                                      
IT                             Valli                      4800                                                                                                                      
IT                             David                      4800                                                                                                                      
IT                             Bruce                      6000                                                                                                                      
Sales                          Oliver                     7000                                                                                                                      
Sales                          Nanette                    7500                                                                                                                      
Sales                          Christopher                8000                                                                                                                      
Sales                          Peter                      9000                                                                                                                      

DEPARTMENT_NAME                FIRST_NAME               SALARY                                                                                                                      
------------------------------ -------------------- ----------                                                                                                                      
Sales                          David                      9500                                                                                                                      
Sales                          Peter                     10000                                                                                                                      
Executive                      Michael                   13000                                                                                                                      
Executive                      Eleni                     10500                                                                                                                      
Executive                      Gerald                    11000                                                                                                                      
Executive                      Alberto                   12000                                                                                                                      
Executive                      Karen                     13500                                                                                                                      
Executive                      John                      14000                                                                                                                      
Executive                      Kevin                      5800                                                                                                                      
Executive                      Shanta                     6500                                                                                                                      
Executive                      Payam                      7900                                                                                                                      

DEPARTMENT_NAME                FIRST_NAME               SALARY                                                                                                                      
------------------------------ -------------------- ----------                                                                                                                      
Executive                      Adam                       8200                                                                                                                      
Executive                      Matthew                    8000                                                                                                                      
Executive                      Den                       11000                                                                                                                      
Executive                      Lex                       17000                                                                                                                      
Executive                      Neena                     17000                                                                                                                      
Finance                        Luis                       6900                                                                                                                      
Finance                        Jose Manuel                7800                                                                                                                      
Finance                        Ismael                     7700                                                                                                                      
Finance                        John                       8200                                                                                                                      
Finance                        Daniel                     9000                                                                                                                      
Accounting                     William                    8300                                                                                                                      

44 rows selected.

SQL> SELECT FIRST_NAME, COUNTRY_NAME FROM EMPLOYEES JOIN DEPARTMENTS USING(DEPARTMENT_ID)
  2  JOIN LOCATIONS USING( LOCATION_ID)
  3  JOIN COUNTRIES USING ( COUNTRY_ID)
  4  ;

FIRST_NAME           COUNTRY_NAME                                                                                                                                                   
-------------------- ----------------------------------------                                                                                                                       
Ellen                United Kingdom                                                                                                                                                 
Sundar               United Kingdom                                                                                                                                                 
Mozhe                United States of America                                                                                                                                       
David                United States of America                                                                                                                                       
Hermann              Germany                                                                                                                                                        
Shelli               United States of America                                                                                                                                       
Amit                 United Kingdom                                                                                                                                                 
Elizabeth            United Kingdom                                                                                                                                                 
Sarah                United States of America                                                                                                                                       
David                United Kingdom                                                                                                                                                 
Laura                United States of America                                                                                                                                       

FIRST_NAME           COUNTRY_NAME                                                                                                                                                   
-------------------- ----------------------------------------                                                                                                                       
Harrison             United Kingdom                                                                                                                                                 
Alexis               United States of America                                                                                                                                       
Anthony              United States of America                                                                                                                                       
Gerald               United Kingdom                                                                                                                                                 
Nanette              United Kingdom                                                                                                                                                 
John                 United States of America                                                                                                                                       
Kelly                United States of America                                                                                                                                       
Karen                United States of America                                                                                                                                       
Curtis               United States of America                                                                                                                                       
Lex                  United States of America                                                                                                                                       
Julia                United States of America                                                                                                                                       

FIRST_NAME           COUNTRY_NAME                                                                                                                                                   
-------------------- ----------------------------------------                                                                                                                       
Jennifer             United States of America                                                                                                                                       
Louise               United Kingdom                                                                                                                                                 
Bruce                United States of America                                                                                                                                       
Alberto              United Kingdom                                                                                                                                                 
Britney              United States of America                                                                                                                                       
Daniel               United States of America                                                                                                                                       
Pat                  Canada                                                                                                                                                         
Kevin                United States of America                                                                                                                                       
Jean                 United States of America                                                                                                                                       
Tayler               United Kingdom                                                                                                                                                 
Adam                 United States of America                                                                                                                                       

FIRST_NAME           COUNTRY_NAME                                                                                                                                                   
-------------------- ----------------------------------------                                                                                                                       
Timothy              United States of America                                                                                                                                       
Ki                   United States of America                                                                                                                                       
Girard               United States of America                                                                                                                                       
William              United States of America                                                                                                                                       
Douglas              United States of America                                                                                                                                       
Nancy                United States of America                                                                                                                                       
Danielle             United Kingdom                                                                                                                                                 
Peter                United Kingdom                                                                                                                                                 
Michael              Canada                                                                                                                                                         
Shelley              United States of America                                                                                                                                       
Guy                  United States of America                                                                                                                                       

FIRST_NAME           COUNTRY_NAME                                                                                                                                                   
-------------------- ----------------------------------------                                                                                                                       
Alexander            United States of America                                                                                                                                       
Alyssa               United Kingdom                                                                                                                                                 
Charles              United Kingdom                                                                                                                                                 
Vance                United States of America                                                                                                                                       
Payam                United States of America                                                                                                                                       
Alexander            United States of America                                                                                                                                       
Janette              United Kingdom                                                                                                                                                 
Steven               United States of America                                                                                                                                       
Neena                United States of America                                                                                                                                       
Sundita              United Kingdom                                                                                                                                                 
Renske               United States of America                                                                                                                                       

FIRST_NAME           COUNTRY_NAME                                                                                                                                                   
-------------------- ----------------------------------------                                                                                                                       
James                United States of America                                                                                                                                       
David                United Kingdom                                                                                                                                                 
Jack                 United Kingdom                                                                                                                                                 
Diana                United States of America                                                                                                                                       
Jason                United States of America                                                                                                                                       
Steven               United States of America                                                                                                                                       
James                United States of America                                                                                                                                       
Mattea               United Kingdom                                                                                                                                                 
Randall              United States of America                                                                                                                                       
Susan                United Kingdom                                                                                                                                                 
Samuel               United States of America                                                                                                                                       

FIRST_NAME           COUNTRY_NAME                                                                                                                                                   
-------------------- ----------------------------------------                                                                                                                       
Allan                United Kingdom                                                                                                                                                 
Irene                United States of America                                                                                                                                       
Kevin                United States of America                                                                                                                                       
Julia                United States of America                                                                                                                                       
Donald               United States of America                                                                                                                                       
Christopher          United Kingdom                                                                                                                                                 
TJ                   United States of America                                                                                                                                       
Lisa                 United Kingdom                                                                                                                                                 
Karen                United Kingdom                                                                                                                                                 
Valli                United States of America                                                                                                                                       
Joshua               United States of America                                                                                                                                       

FIRST_NAME           COUNTRY_NAME                                                                                                                                                   
-------------------- ----------------------------------------                                                                                                                       
Randall              United States of America                                                                                                                                       
Hazel                United States of America                                                                                                                                       
Luis                 United States of America                                                                                                                                       
Trenna               United States of America                                                                                                                                       
Den                  United States of America                                                                                                                                       
Michael              United States of America                                                                                                                                       
John                 United Kingdom                                                                                                                                                 
Nandita              United States of America                                                                                                                                       
Ismael               United States of America                                                                                                                                       
John                 United States of America                                                                                                                                       
Sarath               United Kingdom                                                                                                                                                 

FIRST_NAME           COUNTRY_NAME                                                                                                                                                   
-------------------- ----------------------------------------                                                                                                                       
Lindsey              United Kingdom                                                                                                                                                 
William              United Kingdom                                                                                                                                                 
Stephen              United States of America                                                                                                                                       
Martha               United States of America                                                                                                                                       
Patrick              United Kingdom                                                                                                                                                 
Jonathon             United Kingdom                                                                                                                                                 
Winston              United States of America                                                                                                                                       
Sigal                United States of America                                                                                                                                       
Peter                United Kingdom                                                                                                                                                 
Oliver               United Kingdom                                                                                                                                                 
Jose Manuel          United States of America                                                                                                                                       

FIRST_NAME           COUNTRY_NAME                                                                                                                                                   
-------------------- ----------------------------------------                                                                                                                       
Peter                United States of America                                                                                                                                       
Clara                United Kingdom                                                                                                                                                 
Shanta               United States of America                                                                                                                                       
Alana                United States of America                                                                                                                                       
Matthew              United States of America                                                                                                                                       
Jennifer             United States of America                                                                                                                                       
Eleni                United Kingdom                                                                                                                                                 

106 rows selected.

SQL> SELECT TO_CHAR(HIRE_DATE,'MON-YY')
  2  FROM EMPLOYEES JOIN DEPARTMENTS USING (DEPARTMENT_ID) JOIN  LOCATIONS USING (LOCATION_ID)
  3  WHERE  CITY = 'Seattle'
  4  GROUP BY TO_CHAR(HIRE_DATE,'MON-YY')
  5  HAVING COUNT(*) > 5
  6  ;

no rows selected

SQL> SELECT COUNTRY_NAME, CITY, COUNT(DEPARTMENT_ID)
  2  FROM COUNTRIES JOIN LOCATIONS USING (COUNTRY_ID) JOIN DEPARTMENTS USING (LOCATION_ID)
  3  WHERE DEPARTMENT_ID IN
  4      (SELECT DEPARTMENT_ID FROM EMPLOYEES
  5  	 GROUP BY DEPARTMENT_ID
  6  	 HAVING COUNT(DEPARTMENT_ID)>5)
  7  GROUP BY COUNTRY_NAME, CITY;

COUNTRY_NAME                             CITY                           COUNT(DEPARTMENT_ID)                                                                                        
---------------------------------------- ------------------------------ --------------------                                                                                        
United States of America                 Seattle                                           2                                                                                        
United States of America                 South San Francisco                               1                                                                                        
United Kingdom                           Oxford                                            1                                                                                        

SQL> SELECT FIRST_NAME FROM EMPLOYEES
  2  WHERE EMPLOYEE_ID IN
  3  (SELECT MANAGER_ID FROM EMPLOYEES
  4   GROUP BY MANAGER_ID
  5   HAVING COUNT(*)>5)
  6  ;

FIRST_NAME                                                                                                                                                                          
--------------------                                                                                                                                                                
Steven                                                                                                                                                                              
Shanta                                                                                                                                                                              
Karen                                                                                                                                                                               
John                                                                                                                                                                                
Eleni                                                                                                                                                                               
Adam                                                                                                                                                                                
Alberto                                                                                                                                                                             
Kevin                                                                                                                                                                               
Matthew                                                                                                                                                                             
Payam                                                                                                                                                                               
Gerald                                                                                                                                                                              

11 rows selected.

SQL> SELECT FIRST_NAME, JOB_TITLE, START_DATE, END_DATE
  2  FROM JOB_HISTORY JH JOIN JOBS J USING (JOB_ID) JOIN EMPLOYEES E  ON ( JH.EMPLOYEE_ID = E.EMPLOYEE_ID)
  3  WHERE COMMISSION_PCT IS NULL
  4  ;

FIRST_NAME           JOB_TITLE                           START_DAT END_DATE                                                                                                         
-------------------- ----------------------------------- --------- ---------                                                                                                        
Neena                Accounting Manager                  28-OCT-01 15-MAR-05                                                                                                        
Neena                Public Accountant                   21-SEP-97 27-OCT-01                                                                                                        
Lex                  Programmer                          13-JAN-01 24-JUL-06                                                                                                        
Den                  Stock Clerk                         24-MAR-06 31-DEC-07                                                                                                        
Payam                Stock Clerk                         01-JAN-07 31-DEC-07                                                                                                        
Jennifer             Administration Assistant            17-SEP-95 17-JUN-01                                                                                                        
Jennifer             Public Accountant                   01-JUL-02 31-DEC-06                                                                                                        
Michael              Marketing Representative            17-FEB-04 19-DEC-07                                                                                                        

8 rows selected.

SQL> SELECT  * FROM DEPARTMENTS
  2  WHERE DEPARTMENT_ID NOT IN
  3  ( SELECT DEPARTMENT_ID FROM EMPLOYEES WHERE FLOOR((SYSDATE-HIRE_DATE)/365) < 2)
  4  ;

DEPARTMENT_ID DEPARTMENT_NAME                MANAGER_ID LOCATION_ID                                                                                                                 
------------- ------------------------------ ---------- -----------                                                                                                                 
           10 Administration                        200        1700                                                                                                                 
           20 Marketing                             201        1800                                                                                                                 
           30 Purchasing                            114        1700                                                                                                                 
           40 Human Resources                       203        2400                                                                                                                 
           50 Shipping                              121        1500                                                                                                                 
           60 IT                                    103        1400                                                                                                                 
           70 Public Relations                      204        2700                                                                                                                 
           80 Sales                                 145        2500                                                                                                                 
           90 Executive                             100        1700                                                                                                                 
          100 Finance                               108        1700                                                                                                                 
          110 Accounting                            205        1700                                                                                                                 

DEPARTMENT_ID DEPARTMENT_NAME                MANAGER_ID LOCATION_ID                                                                                                                 
------------- ------------------------------ ---------- -----------                                                                                                                 
          120 Treasury                                         1700                                                                                                                 
          130 Corporate Tax                                    1700                                                                                                                 
          140 Control And Credit                               1700                                                                                                                 
          150 Shareholder Services                             1700                                                                                                                 
          160 Benefits                                         1700                                                                                                                 
          170 Manufacturing                                    1700                                                                                                                 
          180 Construction                                     1700                                                                                                                 
          190 Contracting                                      1700                                                                                                                 
          200 Operations                                       1700                                                                                                                 
          210 IT Support                                       1700                                                                                                                 
          220 NOC                                              1700                                                                                                                 

DEPARTMENT_ID DEPARTMENT_NAME                MANAGER_ID LOCATION_ID                                                                                                                 
------------- ------------------------------ ---------- -----------                                                                                                                 
          230 IT Helpdesk                                      1700                                                                                                                 
          240 Government Sales                                 1700                                                                                                                 
          250 Retail Sales                                     1700                                                                                                                 
          260 Recruiting                                       1700                                                                                                                 
          270 Payroll                                          1700                                                                                                                 

27 rows selected.

SQL> SELECT * FROM DEPARTMENTS
  2  WHERE DEPARTMENT_ID IN
  3  (SELECT DEPARTMENT_ID FROM EMPLOYEES
  4   WHERE EMPLOYEE_ID IN (SELECT EMPLOYEE_ID FROM JOB_HISTORY)
  5   GROUP BY DEPARTMENT_ID
  6   HAVING MAX(SALARY) >10000)
  7  ;

DEPARTMENT_ID DEPARTMENT_NAME                MANAGER_ID LOCATION_ID                                                                                                                 
------------- ------------------------------ ---------- -----------                                                                                                                 
           30 Purchasing                            114        1700                                                                                                                 
           90 Executive                             100        1700                                                                                                                 
           20 Marketing                             201        1800                                                                                                                 

SQL> SELECT * FROM JOBS
  2  WHERE JOB_ID IN
  3   (SELECT JOB_ID FROM EMPLOYEES WHERE EMPLOYEE_ID IN
  4          (SELECT EMPLOYEE_ID FROM JOB_HISTORY WHERE JOB_ID='IT_PROG'))
  5  ;

JOB_ID     JOB_TITLE                           MIN_SALARY MAX_SALARY                                                                                                                
---------- ----------------------------------- ---------- ----------                                                                                                                
AD_VP      Administration Vice President            15000      30000                                                                                                                

SQL> SELECT DEPARTMENT_ID,FIRST_NAME, SALARY FROM EMPLOYEES OUTER WHERE SALARY =
  2      (SELECT MAX(SALARY) FROM EMPLOYEES WHERE DEPARTMENT_ID = OUTER.DEPARTMENT_ID)
  3  ;

DEPARTMENT_ID FIRST_NAME               SALARY                                                                                                                                       
------------- -------------------- ----------                                                                                                                                       
          100 Nancy                     12008                                                                                                                                       
           30 Den                       11000                                                                                                                                       
           90 Steven                    24000                                                                                                                                       
           20 Michael                   13000                                                                                                                                       
           70 Hermann                   10000                                                                                                                                       
          110 Shelley                   12008                                                                                                                                       
           50 Adam                       8200                                                                                                                                       
           80 John                      14000                                                                                                                                       
           40 Susan                      6500                                                                                                                                       
           60 Alexander                  9000                                                                                                                                       
           10 Jennifer                   4400                                                                                                                                       

11 rows selected.

SQL> SELECT CITY FROM LOCATIONS WHERE LOCATION_ID =
  2      (SELECT LOCATION_ID FROM DEPARTMENTS WHERE DEPARTMENT_ID =
  3               	(SELECT DEPARTMENT_ID FROM EMPLOYEES WHERE EMPLOYEE_ID=105)
  4  	)
  5  ;

CITY                                                                                                                                                                                
------------------------------                                                                                                                                                      
Southlake                                                                                                                                                                           

SQL> select salary
  2  from employees main
  3  where  2 = (select count( distinct salary )
  4              from employees
  5              where  salary > main.salary)
  6  ;

    SALARY                                                                                                                                                                          
----------                                                                                                                                                                          
     14000                                                                                                                                                                          

SQL> EXIT
